<html>
<body>
<pre>
<h1>µVision Build Log</h1>
<h2>Tool Versions:</h2>
IDE-Version: ¦ÌVision V5.17.0.0
Copyright (C) 2015 ARM Ltd and ARM Germany GmbH. All rights reserved.
License Information: Xiaoxing Chen, Zhejiang University, LIC=47GX7-E8VXB-TG17T-RXUNQ-LD2AL-B4KC9
 
Tool Versions:
Toolchain:       MDK-ARM Standard  Version: 5.17
Toolchain Path:  D:\Engneering\MCU\keil5\ARM\ARMCC\Bin
C Compiler:      Armcc.exe V5.06 update 1 (build 61)
Assembler:       Armasm.exe V5.06 update 1 (build 61)
Linker/Locator:  ArmLink.exe V5.06 update 1 (build 61)
Library Manager: ArmAr.exe V5.06 update 1 (build 61)
Hex Converter:   FromElf.exe V5.06 update 1 (build 61)
CPU DLL:         SARMCM3.DLL V5.17
Dialog DLL:      DCM.DLL V1.13.4.0
Target DLL:      Segger\JL2CM3.dll V2.99.16.0
Dialog DLL:      TCM.DLL V1.14.6.0
 
<h2>Project:</h2>
D:\Engneering\MCU\project\ZhaoyueRobot\SW-00002-CtrlBrd_v1.3_nodog\project\SSL_Ctrl_v13.uvprojx
Project File Date:  06/13/2016

<h2>Output:</h2>
*** Using Compiler 'V5.06 update 1 (build 61)', folder: 'D:\Engneering\MCU\keil5\ARM\ARMCC\Bin'
*** Note: Rebuilding project, since 'Options->Output->Create Batch File' is selected.
Rebuild target 'SSL_Ctrl_v13'
compiling nrf24l01.c...
compiling nrf24l01_drv.c...
compiling packet.c...
compiling param.c...
..\src\param.c(155): warning:  #177-D: variable "sum" was declared but never referenced
        u8 sum;
..\src\param.c: 1 warning, 0 errors
compiling pid.c...
compiling robot.c...
..\src\robot.c(449): warning:  #223-D: function "do_acc_handle_move" declared implicitly
                         do_acc_handle_move(0, 0,100);
..\src\robot.c(456): warning:  #223-D: function "do_acc_handle_move" declared implicitly
                                         do_acc_handle_move(0, 0,-100);
..\src\robot.c(485): warning:  #223-D: function "AT_Set_device_name_cmd" declared implicitly
                                                 rtn = AT_Set_device_name_cmd(bluetooth_name);
..\src\robot.c(512): warning:  #223-D: function "AT_Set_device_name_code" declared implicitly
                                                 rtn = AT_Set_device_name_code(bluetooth_code);
..\src\robot.c: 4 warnings, 0 errors
compiling stm32f4xx_it.c...
compiling system_stm32f4xx.c...
compiling timer.c...
compiling typedef.c...
compiling Usart_ble.c...
compiling action.c...
compiling comm.c...
compiling Cpuid_des.c...
..\src\Cpuid_des.c(369): warning:  #181-D: argument is incompatible with corresponding format string conversion
        sscanf(org, "%x-%x-%x-%x-%x-%x-%x-%x", &o1[0], &o1[1], &o1[2], &o1[3], &o1[4], &o1[5], &o1[6], &o1[7]);
..\src\Cpuid_des.c(369): warning:  #181-D: argument is incompatible with corresponding format string conversion
        sscanf(org, "%x-%x-%x-%x-%x-%x-%x-%x", &o1[0], &o1[1], &o1[2], &o1[3], &o1[4], &o1[5], &o1[6], &o1[7]);
..\src\Cpuid_des.c(369): warning:  #181-D: argument is incompatible with corresponding format string conversion
        sscanf(org, "%x-%x-%x-%x-%x-%x-%x-%x", &o1[0], &o1[1], &o1[2], &o1[3], &o1[4], &o1[5], &o1[6], &o1[7]);
..\src\Cpuid_des.c(369): warning:  #181-D: argument is incompatible with corresponding format string conversion
        sscanf(org, "%x-%x-%x-%x-%x-%x-%x-%x", &o1[0], &o1[1], &o1[2], &o1[3], &o1[4], &o1[5], &o1[6], &o1[7]);
..\src\Cpuid_des.c(369): warning:  #181-D: argument is incompatible with corresponding format string conversion
        sscanf(org, "%x-%x-%x-%x-%x-%x-%x-%x", &o1[0], &o1[1], &o1[2], &o1[3], &o1[4], &o1[5], &o1[6], &o1[7]);
..\src\Cpuid_des.c(369): warning:  #181-D: argument is incompatible with corresponding format string conversion
        sscanf(org, "%x-%x-%x-%x-%x-%x-%x-%x", &o1[0], &o1[1], &o1[2], &o1[3], &o1[4], &o1[5], &o1[6], &o1[7]);
..\src\Cpuid_des.c(369): warning:  #181-D: argument is incompatible with corresponding format string conversion
        sscanf(org, "%x-%x-%x-%x-%x-%x-%x-%x", &o1[0], &o1[1], &o1[2], &o1[3], &o1[4], &o1[5], &o1[6], &o1[7]);
..\src\Cpuid_des.c(369): warning:  #181-D: argument is incompatible with corresponding format string conversion
        sscanf(org, "%x-%x-%x-%x-%x-%x-%x-%x", &o1[0], &o1[1], &o1[2], &o1[3], &o1[4], &o1[5], &o1[6], &o1[7]);
..\src\Cpuid_des.c(257): warning:  #177-D: function "key_to_str" was declared but never referenced
  static void key_to_str(const uint8_t *key,uint8_t *str)
..\src\Cpuid_des.c: 9 warnings, 0 errors
compiling error_event.c...
compiling factory.c...
compiling gpio.c...
compiling Hm_bluetooth.c...
..\src\Hm_bluetooth.c(242): warning:  #177-D: variable "cpuid_24" was declared but never referenced
     int cpuid_24 = 0;
..\src\Hm_bluetooth.c(345): warning:  #177-D: variable "cpuid_24" was declared but never referenced
     int cpuid_24 = 0;
..\src\Hm_bluetooth.c: 2 warnings, 0 errors
compiling i2c.c...
compiling init.c...
compiling main.c...
compiling misc.c...
compiling motor.c...
compiling MPU6050_driver.c...
..\src\MPU6050_driver.c(227): warning:  #1035-D: single-precision operand implicitly converted to double-precision
        acc_agro_angel.gyro_x_angel =z_factory.acc_factor*angel_x+z_factory.gyro_factor*(acc_agro_angel.gyro_x_angel + meam.GYRO_x*
AMPLE_T);
..\src\MPU6050_driver.c(234): warning:  #1035-D: single-precision operand implicitly converted to double-precision
        acc_agro_angel.gyro_y_angel =z_factory.acc_factor*angel_y+z_factory.gyro_factor*(acc_agro_angel.gyro_y_angel + meam.GYRO_y*
AMPLE_T);
..\src\MPU6050_driver.c(240): warning:  #1035-D: single-precision operand implicitly converted to double-precision
        if((meam.GYRO_z > 1.0) ||(meam.GYRO_z < -1.0))   //1.0*GYRO_SEN_SCAN_FACTOR = 65.36 ?ø¶¯¸¡¶¯´???65.36????ÎªMPU6050??×ª??
..\src\MPU6050_driver.c(242): warning:  #1035-D: single-precision operand implicitly converted to double-precision
         acc_agro_angel.gyro_z_angel =1*(acc_agro_angel.gyro_z_angel + meam.GYRO_z*
AMPLE_T);
..\src\MPU6050_driver.c(244): warning:  #1035-D: single-precision operand implicitly converted to double-precision
        if(acc_agro_angel.gyro_z_angel > 180.0)
..\src\MPU6050_driver.c(246): warning:  #1035-D: single-precision operand implicitly converted to double-precision
          acc_agro_angel.gyro_z_angel = acc_agro_angel.gyro_z_angel - 360.0;
..\src\MPU6050_driver.c(250): warning:  #1035-D: single-precision operand implicitly converted to double-precision
                   acc_agro_angel.gyro_z_angel = acc_agro_angel.gyro_z_angel + 360.0;
..\src\MPU6050_driver.c: 7 warnings, 0 errors
assembling startup_stm32f4xx.s...
compiling usb_bsp.c...
compiling usbd_cdc_vcp.c...
..\src\usb_user\usbd_cdc_vcp.c(216): warning:  #177-D: variable "i" was declared but never referenced
     uint32_t i;
..\src\usb_user\usbd_cdc_vcp.c: 1 warning, 0 errors
compiling usbd_desc.c...
compiling usbd_usr.c...
compiling usbh_usr.c...
compiling stm32f4xx_adc.c...
compiling stm32f4xx_can.c...
compiling stm32f4xx_crc.c...
compiling stm32f4xx_cryp.c...
compiling stm32f4xx_cryp_aes.c...
compiling stm32f4xx_cryp_des.c...
compiling stm32f4xx_cryp_tdes.c...
compiling stm32f4xx_dac.c...
compiling stm32f4xx_dbgmcu.c...
compiling stm32f4xx_dcmi.c...
compiling stm32f4xx_dma.c...
compiling stm32f4xx_exti.c...
compiling stm32f4xx_flash.c...
compiling stm32f4xx_fsmc.c...
compiling stm32f4xx_gpio.c...
compiling stm32f4xx_hash.c...
compiling stm32f4xx_hash_md5.c...
compiling stm32f4xx_hash_sha1.c...
compiling stm32f4xx_i2c.c...
compiling stm32f4xx_iwdg.c...
compiling stm32f4xx_misc.c...
compiling stm32f4xx_pwr.c...
compiling stm32f4xx_rcc.c...
compiling stm32f4xx_rng.c...
compiling stm32f4xx_rtc.c...
compiling stm32f4xx_sdio.c...
compiling stm32f4xx_spi.c...
compiling stm32f4xx_syscfg.c...
compiling stm32f4xx_tim.c...
compiling stm32f4xx_usart.c...
compiling stm32f4xx_wwdg.c...
compiling usbh_core.c...
compiling usbh_hcs.c...
compiling usbh_ioreq.c...
compiling usbh_stdreq.c...
compiling usbh_hid_core.c...
compiling Usbh_hid_joystick.c...
compiling usbh_hid_keybd.c...
compiling usbh_hid_mouse.c...
compiling usb_core.c...
compiling usb_hcd.c...
compiling usb_hcd_int.c...
compiling usbd_core.c...
compiling usbd_ioreq.c...
compiling usbd_req.c...
compiling usbd_cdc_core.c...
compiling usbd_cdc_if_template.c...
compiling usb_dcd.c...
compiling usb_dcd_int.c...
linking...
Program Size: Code=70372 RO-data=2556 RW-data=888 ZI-data=20152  
FromELF: creating hex file...
".\SSL_Ctrl_v13.axf" - 0 Error(s), 24 Warning(s).

<h2>Collection of Component include folders:</h2>
  D:\Engneering\MCU\project\ZhaoyueRobot\SW-00002-CtrlBrd_v1.3_nodog\project\RTE
  D:\engneering\MCU\keil5\ARM\PACK\Keil\STM32F4xx_DFP\2.7.0\Drivers\CMSIS\Device\ST\STM32F4xx\Include

<h2>Collection of Component Files used:</h2>
Build Time Elapsed:  00:02:46
</pre>
</body>
</html>
