<!doctype html public "-//w3c//dtd html 4.0 transitional//en">
<html><head>
<title>Static Call Graph - [.\SSL_Ctrl_v13.axf]</title></head>
<body><HR>
<H1>Static Call Graph for image .\SSL_Ctrl_v13.axf</H1><HR>
<BR><P>#&#060CALLGRAPH&#062# ARM Linker, 5060061: Last Updated: Fri Jun 17 15:47:04 2016
<BR><P>
<H3>Maximum Stack Usage =        320 bytes + Unknown(Functions without stacksize, Cycles, Untraceable Function Pointers)</H3><H3>
Call chain for Maximum Stack Depth:</H3>
__rt_entry_main &rArr; main &rArr; do_init &rArr; init_sys &rArr; init_robot &rArr; __hardfp_sin &rArr; __ieee754_rem_pio2 &rArr; __aeabi_dmul
<P>
<H3>
Functions with no stack information
</H3><UL>
 <LI><a href="#[2cf]">__user_initial_stackheap</a>
</UL>
</UL>
<P>
<H3>
Mutually Recursive functions
</H3> <LI><a href="#[60]">ADC_IRQHandler</a>&nbsp;&nbsp;&nbsp;&rArr;&nbsp;&nbsp;&nbsp;<a href="#[60]">ADC_IRQHandler</a><BR>
 <LI><a href="#[1f1]">VCP_COMConfig</a>&nbsp;&nbsp;&nbsp;&rArr;&nbsp;&nbsp;&nbsp;<a href="#[1f1]">VCP_COMConfig</a><BR>
</UL>
<P>
<H3>
Function Pointers
</H3><UL>
 <LI><a href="#[60]">ADC_IRQHandler</a> from startup_stm32f4xx.o(.text) referenced from startup_stm32f4xx.o(RESET)
 <LI><a href="#[48]">BusFault_Handler</a> from stm32f4xx_it.o(.text) referenced from startup_stm32f4xx.o(RESET)
 <LI><a href="#[62]">CAN1_RX0_IRQHandler</a> from startup_stm32f4xx.o(.text) referenced from startup_stm32f4xx.o(RESET)
 <LI><a href="#[63]">CAN1_RX1_IRQHandler</a> from startup_stm32f4xx.o(.text) referenced from startup_stm32f4xx.o(RESET)
 <LI><a href="#[64]">CAN1_SCE_IRQHandler</a> from startup_stm32f4xx.o(.text) referenced from startup_stm32f4xx.o(RESET)
 <LI><a href="#[61]">CAN1_TX_IRQHandler</a> from startup_stm32f4xx.o(.text) referenced from startup_stm32f4xx.o(RESET)
 <LI><a href="#[8e]">CAN2_RX0_IRQHandler</a> from startup_stm32f4xx.o(.text) referenced from startup_stm32f4xx.o(RESET)
 <LI><a href="#[8f]">CAN2_RX1_IRQHandler</a> from startup_stm32f4xx.o(.text) referenced from startup_stm32f4xx.o(RESET)
 <LI><a href="#[90]">CAN2_SCE_IRQHandler</a> from startup_stm32f4xx.o(.text) referenced from startup_stm32f4xx.o(RESET)
 <LI><a href="#[8d]">CAN2_TX_IRQHandler</a> from startup_stm32f4xx.o(.text) referenced from startup_stm32f4xx.o(RESET)
 <LI><a href="#[9d]">CRYP_IRQHandler</a> from startup_stm32f4xx.o(.text) referenced from startup_stm32f4xx.o(RESET)
 <LI><a href="#[9c]">DCMI_IRQHandler</a> from startup_stm32f4xx.o(.text) referenced from startup_stm32f4xx.o(RESET)
 <LI><a href="#[59]">DMA1_Stream0_IRQHandler</a> from startup_stm32f4xx.o(.text) referenced from startup_stm32f4xx.o(RESET)
 <LI><a href="#[5a]">DMA1_Stream1_IRQHandler</a> from startup_stm32f4xx.o(.text) referenced from startup_stm32f4xx.o(RESET)
 <LI><a href="#[5b]">DMA1_Stream2_IRQHandler</a> from startup_stm32f4xx.o(.text) referenced from startup_stm32f4xx.o(RESET)
 <LI><a href="#[5c]">DMA1_Stream3_IRQHandler</a> from startup_stm32f4xx.o(.text) referenced from startup_stm32f4xx.o(RESET)
 <LI><a href="#[5d]">DMA1_Stream4_IRQHandler</a> from startup_stm32f4xx.o(.text) referenced from startup_stm32f4xx.o(RESET)
 <LI><a href="#[5e]">DMA1_Stream5_IRQHandler</a> from startup_stm32f4xx.o(.text) referenced from startup_stm32f4xx.o(RESET)
 <LI><a href="#[5f]">DMA1_Stream6_IRQHandler</a> from startup_stm32f4xx.o(.text) referenced from startup_stm32f4xx.o(RESET)
 <LI><a href="#[7d]">DMA1_Stream7_IRQHandler</a> from startup_stm32f4xx.o(.text) referenced from startup_stm32f4xx.o(RESET)
 <LI><a href="#[86]">DMA2_Stream0_IRQHandler</a> from startup_stm32f4xx.o(.text) referenced from startup_stm32f4xx.o(RESET)
 <LI><a href="#[87]">DMA2_Stream1_IRQHandler</a> from startup_stm32f4xx.o(.text) referenced from startup_stm32f4xx.o(RESET)
 <LI><a href="#[88]">DMA2_Stream2_IRQHandler</a> from startup_stm32f4xx.o(.text) referenced from startup_stm32f4xx.o(RESET)
 <LI><a href="#[89]">DMA2_Stream3_IRQHandler</a> from startup_stm32f4xx.o(.text) referenced from startup_stm32f4xx.o(RESET)
 <LI><a href="#[8a]">DMA2_Stream4_IRQHandler</a> from startup_stm32f4xx.o(.text) referenced from startup_stm32f4xx.o(RESET)
 <LI><a href="#[92]">DMA2_Stream5_IRQHandler</a> from startup_stm32f4xx.o(.text) referenced from startup_stm32f4xx.o(RESET)
 <LI><a href="#[93]">DMA2_Stream6_IRQHandler</a> from startup_stm32f4xx.o(.text) referenced from startup_stm32f4xx.o(RESET)
 <LI><a href="#[94]">DMA2_Stream7_IRQHandler</a> from startup_stm32f4xx.o(.text) referenced from startup_stm32f4xx.o(RESET)
 <LI><a href="#[4b]">DebugMon_Handler</a> from stm32f4xx_it.o(.text) referenced from startup_stm32f4xx.o(RESET)
 <LI><a href="#[8b]">ETH_IRQHandler</a> from startup_stm32f4xx.o(.text) referenced from startup_stm32f4xx.o(RESET)
 <LI><a href="#[8c]">ETH_WKUP_IRQHandler</a> from startup_stm32f4xx.o(.text) referenced from startup_stm32f4xx.o(RESET)
 <LI><a href="#[54]">EXTI0_IRQHandler</a> from action.o(.text) referenced from startup_stm32f4xx.o(RESET)
 <LI><a href="#[76]">EXTI15_10_IRQHandler</a> from startup_stm32f4xx.o(.text) referenced from startup_stm32f4xx.o(RESET)
 <LI><a href="#[55]">EXTI1_IRQHandler</a> from startup_stm32f4xx.o(.text) referenced from startup_stm32f4xx.o(RESET)
 <LI><a href="#[56]">EXTI2_IRQHandler</a> from startup_stm32f4xx.o(.text) referenced from startup_stm32f4xx.o(RESET)
 <LI><a href="#[57]">EXTI3_IRQHandler</a> from startup_stm32f4xx.o(.text) referenced from startup_stm32f4xx.o(RESET)
 <LI><a href="#[58]">EXTI4_IRQHandler</a> from startup_stm32f4xx.o(.text) referenced from startup_stm32f4xx.o(RESET)
 <LI><a href="#[65]">EXTI9_5_IRQHandler</a> from startup_stm32f4xx.o(.text) referenced from startup_stm32f4xx.o(RESET)
 <LI><a href="#[52]">FLASH_IRQHandler</a> from startup_stm32f4xx.o(.text) referenced from startup_stm32f4xx.o(RESET)
 <LI><a href="#[9f]">FPU_IRQHandler</a> from startup_stm32f4xx.o(.text) referenced from startup_stm32f4xx.o(RESET)
 <LI><a href="#[7e]">FSMC_IRQHandler</a> from startup_stm32f4xx.o(.text) referenced from startup_stm32f4xx.o(RESET)
 <LI><a href="#[9e]">HASH_RNG_IRQHandler</a> from startup_stm32f4xx.o(.text) referenced from startup_stm32f4xx.o(RESET)
 <LI><a href="#[46]">HardFault_Handler</a> from stm32f4xx_it.o(.text) referenced from startup_stm32f4xx.o(RESET)
 <LI><a href="#[6e]">I2C1_ER_IRQHandler</a> from startup_stm32f4xx.o(.text) referenced from startup_stm32f4xx.o(RESET)
 <LI><a href="#[6d]">I2C1_EV_IRQHandler</a> from startup_stm32f4xx.o(.text) referenced from startup_stm32f4xx.o(RESET)
 <LI><a href="#[70]">I2C2_ER_IRQHandler</a> from startup_stm32f4xx.o(.text) referenced from startup_stm32f4xx.o(RESET)
 <LI><a href="#[6f]">I2C2_EV_IRQHandler</a> from startup_stm32f4xx.o(.text) referenced from startup_stm32f4xx.o(RESET)
 <LI><a href="#[97]">I2C3_ER_IRQHandler</a> from startup_stm32f4xx.o(.text) referenced from startup_stm32f4xx.o(RESET)
 <LI><a href="#[96]">I2C3_EV_IRQHandler</a> from startup_stm32f4xx.o(.text) referenced from startup_stm32f4xx.o(RESET)
 <LI><a href="#[2e]">JOYSTICK_Decode</a> from usbh_hid_joystick.o(.text) referenced 2 times from usbh_hid_joystick.o(.data)
 <LI><a href="#[2d]">JOYSTICK_Init</a> from usbh_hid_joystick.o(.text) referenced 2 times from usbh_hid_joystick.o(.data)
 <LI><a href="#[30]">KEYBRD_Decode</a> from usbh_hid_keybd.o(.text) referenced 2 times from usbh_hid_keybd.o(.data)
 <LI><a href="#[2f]">KEYBRD_Init</a> from usbh_hid_keybd.o(.text) referenced 2 times from usbh_hid_keybd.o(.data)
 <LI><a href="#[32]">MOUSE_Decode</a> from usbh_hid_mouse.o(.text) referenced 2 times from usbh_hid_mouse.o(.data)
 <LI><a href="#[31]">MOUSE_Init</a> from usbh_hid_mouse.o(.text) referenced 2 times from usbh_hid_mouse.o(.data)
 <LI><a href="#[47]">MemManage_Handler</a> from stm32f4xx_it.o(.text) referenced from startup_stm32f4xx.o(RESET)
 <LI><a href="#[45]">NMI_Handler</a> from stm32f4xx_it.o(.text) referenced from startup_stm32f4xx.o(RESET)
 <LI><a href="#[91]">OTG_FS_IRQHandler</a> from stm32f4xx_it.o(.text) referenced from startup_stm32f4xx.o(RESET)
 <LI><a href="#[78]">OTG_FS_WKUP_IRQHandler</a> from startup_stm32f4xx.o(.text) referenced from startup_stm32f4xx.o(RESET)
 <LI><a href="#[99]">OTG_HS_EP1_IN_IRQHandler</a> from startup_stm32f4xx.o(.text) referenced from startup_stm32f4xx.o(RESET)
 <LI><a href="#[98]">OTG_HS_EP1_OUT_IRQHandler</a> from startup_stm32f4xx.o(.text) referenced from startup_stm32f4xx.o(RESET)
 <LI><a href="#[9b]">OTG_HS_IRQHandler</a> from startup_stm32f4xx.o(.text) referenced from startup_stm32f4xx.o(RESET)
 <LI><a href="#[9a]">OTG_HS_WKUP_IRQHandler</a> from startup_stm32f4xx.o(.text) referenced from startup_stm32f4xx.o(RESET)
 <LI><a href="#[4f]">PVD_IRQHandler</a> from startup_stm32f4xx.o(.text) referenced from startup_stm32f4xx.o(RESET)
 <LI><a href="#[4c]">PendSV_Handler</a> from stm32f4xx_it.o(.text) referenced from startup_stm32f4xx.o(RESET)
 <LI><a href="#[53]">RCC_IRQHandler</a> from startup_stm32f4xx.o(.text) referenced from startup_stm32f4xx.o(RESET)
 <LI><a href="#[77]">RTC_Alarm_IRQHandler</a> from startup_stm32f4xx.o(.text) referenced from startup_stm32f4xx.o(RESET)
 <LI><a href="#[51]">RTC_WKUP_IRQHandler</a> from startup_stm32f4xx.o(.text) referenced from startup_stm32f4xx.o(RESET)
 <LI><a href="#[44]">Reset_Handler</a> from startup_stm32f4xx.o(.text) referenced from startup_stm32f4xx.o(RESET)
 <LI><a href="#[7f]">SDIO_IRQHandler</a> from startup_stm32f4xx.o(.text) referenced from startup_stm32f4xx.o(RESET)
 <LI><a href="#[71]">SPI1_IRQHandler</a> from startup_stm32f4xx.o(.text) referenced from startup_stm32f4xx.o(RESET)
 <LI><a href="#[72]">SPI2_IRQHandler</a> from startup_stm32f4xx.o(.text) referenced from startup_stm32f4xx.o(RESET)
 <LI><a href="#[81]">SPI3_IRQHandler</a> from startup_stm32f4xx.o(.text) referenced from startup_stm32f4xx.o(RESET)
 <LI><a href="#[4a]">SVC_Handler</a> from stm32f4xx_it.o(.text) referenced from startup_stm32f4xx.o(RESET)
 <LI><a href="#[4d]">SysTick_Handler</a> from robot.o(.text) referenced from startup_stm32f4xx.o(RESET)
 <LI><a href="#[a3]">SystemInit</a> from system_stm32f4xx.o(.text) referenced from startup_stm32f4xx.o(.text)
 <LI><a href="#[50]">TAMP_STAMP_IRQHandler</a> from startup_stm32f4xx.o(.text) referenced from startup_stm32f4xx.o(RESET)
 <LI><a href="#[66]">TIM1_BRK_TIM9_IRQHandler</a> from startup_stm32f4xx.o(.text) referenced from startup_stm32f4xx.o(RESET)
 <LI><a href="#[69]">TIM1_CC_IRQHandler</a> from startup_stm32f4xx.o(.text) referenced from startup_stm32f4xx.o(RESET)
 <LI><a href="#[68]">TIM1_TRG_COM_TIM11_IRQHandler</a> from startup_stm32f4xx.o(.text) referenced from startup_stm32f4xx.o(RESET)
 <LI><a href="#[67]">TIM1_UP_TIM10_IRQHandler</a> from startup_stm32f4xx.o(.text) referenced from startup_stm32f4xx.o(RESET)
 <LI><a href="#[6a]">TIM2_IRQHandler</a> from startup_stm32f4xx.o(.text) referenced from startup_stm32f4xx.o(RESET)
 <LI><a href="#[6b]">TIM3_IRQHandler</a> from startup_stm32f4xx.o(.text) referenced from startup_stm32f4xx.o(RESET)
 <LI><a href="#[6c]">TIM4_IRQHandler</a> from startup_stm32f4xx.o(.text) referenced from startup_stm32f4xx.o(RESET)
 <LI><a href="#[80]">TIM5_IRQHandler</a> from startup_stm32f4xx.o(.text) referenced from startup_stm32f4xx.o(RESET)
 <LI><a href="#[84]">TIM6_DAC_IRQHandler</a> from startup_stm32f4xx.o(.text) referenced from startup_stm32f4xx.o(RESET)
 <LI><a href="#[85]">TIM7_IRQHandler</a> from startup_stm32f4xx.o(.text) referenced from startup_stm32f4xx.o(RESET)
 <LI><a href="#[79]">TIM8_BRK_TIM12_IRQHandler</a> from usb_bsp.o(.text) referenced from startup_stm32f4xx.o(RESET)
 <LI><a href="#[7c]">TIM8_CC_IRQHandler</a> from startup_stm32f4xx.o(.text) referenced from startup_stm32f4xx.o(RESET)
 <LI><a href="#[7b]">TIM8_TRG_COM_TIM14_IRQHandler</a> from startup_stm32f4xx.o(.text) referenced from startup_stm32f4xx.o(RESET)
 <LI><a href="#[7a]">TIM8_UP_TIM13_IRQHandler</a> from startup_stm32f4xx.o(.text) referenced from startup_stm32f4xx.o(RESET)
 <LI><a href="#[82]">UART4_IRQHandler</a> from startup_stm32f4xx.o(.text) referenced from startup_stm32f4xx.o(RESET)
 <LI><a href="#[83]">UART5_IRQHandler</a> from startup_stm32f4xx.o(.text) referenced from startup_stm32f4xx.o(RESET)
 <LI><a href="#[73]">USART1_IRQHandler</a> from startup_stm32f4xx.o(.text) referenced from startup_stm32f4xx.o(RESET)
 <LI><a href="#[74]">USART2_IRQHandler</a> from startup_stm32f4xx.o(.text) referenced from startup_stm32f4xx.o(RESET)
 <LI><a href="#[75]">USART3_IRQHandler</a> from usart_ble.o(.text) referenced from startup_stm32f4xx.o(RESET)
 <LI><a href="#[95]">USART6_IRQHandler</a> from startup_stm32f4xx.o(.text) referenced from startup_stm32f4xx.o(RESET)
 <LI><a href="#[34]">USBD_DataInStage</a> from usbd_core.o(.text) referenced 2 times from usbd_core.o(.data)
 <LI><a href="#[33]">USBD_DataOutStage</a> from usbd_core.o(.text) referenced 2 times from usbd_core.o(.data)
 <LI><a href="#[3a]">USBD_IsoINIncomplete</a> from usbd_core.o(.text) referenced 2 times from usbd_core.o(.data)
 <LI><a href="#[3b]">USBD_IsoOUTIncomplete</a> from usbd_core.o(.text) referenced 2 times from usbd_core.o(.data)
 <LI><a href="#[37]">USBD_Reset</a> from usbd_core.o(.text) referenced 2 times from usbd_core.o(.data)
 <LI><a href="#[39]">USBD_Resume</a> from usbd_core.o(.text) referenced 2 times from usbd_core.o(.data)
 <LI><a href="#[36]">USBD_SOF</a> from usbd_core.o(.text) referenced 2 times from usbd_core.o(.data)
 <LI><a href="#[35]">USBD_SetupStage</a> from usbd_core.o(.text) referenced 2 times from usbd_core.o(.data)
 <LI><a href="#[38]">USBD_Suspend</a> from usbd_core.o(.text) referenced 2 times from usbd_core.o(.data)
 <LI><a href="#[c]">USBD_USR_ConfigStrDescriptor</a> from usbd_desc.o(.text) referenced 2 times from usbd_desc.o(.data)
 <LI><a href="#[10]">USBD_USR_DeviceConfigured</a> from usbd_usr.o(.text) referenced 2 times from usbd_usr.o(.data)
 <LI><a href="#[13]">USBD_USR_DeviceConnected</a> from usbd_usr.o(.text) referenced 2 times from usbd_usr.o(.data)
 <LI><a href="#[7]">USBD_USR_DeviceDescriptor</a> from usbd_desc.o(.text) referenced 2 times from usbd_desc.o(.data)
 <LI><a href="#[14]">USBD_USR_DeviceDisconnected</a> from usbd_usr.o(.text) referenced 2 times from usbd_usr.o(.data)
 <LI><a href="#[f]">USBD_USR_DeviceReset</a> from usbd_usr.o(.text) referenced 2 times from usbd_usr.o(.data)
 <LI><a href="#[12]">USBD_USR_DeviceResumed</a> from usbd_usr.o(.text) referenced 2 times from usbd_usr.o(.data)
 <LI><a href="#[11]">USBD_USR_DeviceSuspended</a> from usbd_usr.o(.text) referenced 2 times from usbd_usr.o(.data)
 <LI><a href="#[e]">USBD_USR_Init</a> from usbd_usr.o(.text) referenced 2 times from usbd_usr.o(.data)
 <LI><a href="#[d]">USBD_USR_InterfaceStrDescriptor</a> from usbd_desc.o(.text) referenced 2 times from usbd_desc.o(.data)
 <LI><a href="#[8]">USBD_USR_LangIDStrDescriptor</a> from usbd_desc.o(.text) referenced 2 times from usbd_desc.o(.data)
 <LI><a href="#[9]">USBD_USR_ManufacturerStrDescriptor</a> from usbd_desc.o(.text) referenced 2 times from usbd_desc.o(.data)
 <LI><a href="#[a]">USBD_USR_ProductStrDescriptor</a> from usbd_desc.o(.text) referenced 2 times from usbd_desc.o(.data)
 <LI><a href="#[b]">USBD_USR_SerialStrDescriptor</a> from usbd_desc.o(.text) referenced 2 times from usbd_desc.o(.data)
 <LI><a href="#[43]">USBD_cdc_GetCfgDesc</a> from usbd_cdc_core.o(.text) referenced 2 times from usbd_cdc_core.o(.data)
 <LI><a href="#[27]">USBH_Connected</a> from usbh_core.o(.text) referenced 2 times from usbh_core.o(.data)
 <LI><a href="#[28]">USBH_Disconnected</a> from usbh_core.o(.text) referenced 2 times from usbh_core.o(.data)
 <LI><a href="#[2b]">USBH_HID_ClassRequest</a> from usbh_hid_core.o(.text) referenced 2 times from usbh_hid_core.o(.data)
 <LI><a href="#[2c]">USBH_HID_Handle</a> from usbh_hid_core.o(.text) referenced 2 times from usbh_hid_core.o(.data)
 <LI><a href="#[2a]">USBH_HID_InterfaceDeInit</a> from usbh_hid_core.o(.text) referenced 2 times from usbh_hid_core.o(.data)
 <LI><a href="#[29]">USBH_HID_InterfaceInit</a> from usbh_hid_core.o(.text) referenced 2 times from usbh_hid_core.o(.data)
 <LI><a href="#[26]">USBH_SOF</a> from usbh_core.o(.text) referenced 2 times from usbh_core.o(.data)
 <LI><a href="#[1e]">USBH_USR_Configuration_DescAvailable</a> from usbh_usr.o(.text) referenced 2 times from usbh_usr.o(.data)
 <LI><a href="#[16]">USBH_USR_DeInit</a> from usbh_usr.o(.text) referenced 2 times from usbh_usr.o(.data)
 <LI><a href="#[1d]">USBH_USR_DeviceAddressAssigned</a> from usbh_usr.o(.text) referenced 2 times from usbh_usr.o(.data)
 <LI><a href="#[17]">USBH_USR_DeviceAttached</a> from usbh_usr.o(.text) referenced 2 times from usbh_usr.o(.data)
 <LI><a href="#[19]">USBH_USR_DeviceDisconnected</a> from usbh_usr.o(.text) referenced 2 times from usbh_usr.o(.data)
 <LI><a href="#[24]">USBH_USR_DeviceNotSupported</a> from usbh_usr.o(.text) referenced 2 times from usbh_usr.o(.data)
 <LI><a href="#[1b]">USBH_USR_DeviceSpeedDetected</a> from usbh_usr.o(.text) referenced 2 times from usbh_usr.o(.data)
 <LI><a href="#[1c]">USBH_USR_Device_DescAvailable</a> from usbh_usr.o(.text) referenced 2 times from usbh_usr.o(.data)
 <LI><a href="#[22]">USBH_USR_EnumerationDone</a> from usbh_usr.o(.text) referenced 2 times from usbh_usr.o(.data)
 <LI><a href="#[15]">USBH_USR_Init</a> from usbh_usr.o(.text) referenced 2 times from usbh_usr.o(.data)
 <LI><a href="#[1f]">USBH_USR_Manufacturer_String</a> from usbh_usr.o(.text) referenced 2 times from usbh_usr.o(.data)
 <LI><a href="#[1a]">USBH_USR_OverCurrentDetected</a> from usbh_usr.o(.text) referenced 2 times from usbh_usr.o(.data)
 <LI><a href="#[20]">USBH_USR_Product_String</a> from usbh_usr.o(.text) referenced 2 times from usbh_usr.o(.data)
 <LI><a href="#[18]">USBH_USR_ResetDevice</a> from usbh_usr.o(.text) referenced 2 times from usbh_usr.o(.data)
 <LI><a href="#[21]">USBH_USR_SerialNum_String</a> from usbh_usr.o(.text) referenced 2 times from usbh_usr.o(.data)
 <LI><a href="#[25]">USBH_USR_UnrecoveredError</a> from usbh_usr.o(.text) referenced 2 times from usbh_usr.o(.data)
 <LI><a href="#[23]">USBH_USR_UserInput</a> from usbh_usr.o(.text) referenced 2 times from usbh_usr.o(.data)
 <LI><a href="#[49]">UsageFault_Handler</a> from stm32f4xx_it.o(.text) referenced from startup_stm32f4xx.o(RESET)
 <LI><a href="#[4]">VCP_Ctrl</a> from usbd_cdc_vcp.o(.text) referenced 2 times from usbd_cdc_vcp.o(.data)
 <LI><a href="#[6]">VCP_DataRx</a> from usbd_cdc_vcp.o(.text) referenced 2 times from usbd_cdc_vcp.o(.data)
 <LI><a href="#[5]">VCP_DataTx</a> from usbd_cdc_vcp.o(.text) referenced 2 times from usbd_cdc_vcp.o(.data)
 <LI><a href="#[3]">VCP_DeInit</a> from usbd_cdc_vcp.o(.text) referenced 2 times from usbd_cdc_vcp.o(.data)
 <LI><a href="#[2]">VCP_Init</a> from usbd_cdc_vcp.o(.text) referenced 2 times from usbd_cdc_vcp.o(.data)
 <LI><a href="#[4e]">WWDG_IRQHandler</a> from startup_stm32f4xx.o(.text) referenced from startup_stm32f4xx.o(RESET)
 <LI><a href="#[ac]">__main</a> from __main.o(!!!main) referenced from startup_stm32f4xx.o(.text)
 <LI><a href="#[ab]">_get_lc_ctype</a> from lc_ctype_c.o(locale$$code) referenced from rt_ctype_table.o(.text)
 <LI><a href="#[a8]">_printf_input_char</a> from _printf_char_common.o(.text) referenced from _printf_char_common.o(.text)
 <LI><a href="#[a7]">_sbackspace</a> from _sgetc.o(.text) referenced from __0sscanf.o(.text)
 <LI><a href="#[a9]">_scanf_char_input</a> from scanf_char.o(.text) referenced from scanf_char.o(.text)
 <LI><a href="#[a6]">_sgetc</a> from _sgetc.o(.text) referenced from __0sscanf.o(.text)
 <LI><a href="#[a5]">_sputc</a> from _sputc.o(.text) referenced from noretval__2sprintf.o(.text)
 <LI><a href="#[a0]">get_nRF24L01_packet</a> from nrf24l01.o(.text) referenced from comm.o(.text)
 <LI><a href="#[aa]">isspace</a> from isspace.o(.text) referenced from scanf_char.o(.text)
 <LI><a href="#[a2]">nrf24l01_init</a> from nrf24l01.o(.text) referenced from comm.o(.text)
 <LI><a href="#[a1]">send_nRF24L01_packet</a> from nrf24l01.o(.text) referenced from comm.o(.text)
 <LI><a href="#[40]">usbd_cdc_DataIn</a> from usbd_cdc_core.o(.text) referenced 2 times from usbd_cdc_core.o(.data)
 <LI><a href="#[41]">usbd_cdc_DataOut</a> from usbd_cdc_core.o(.text) referenced 2 times from usbd_cdc_core.o(.data)
 <LI><a href="#[3d]">usbd_cdc_DeInit</a> from usbd_cdc_core.o(.text) referenced 2 times from usbd_cdc_core.o(.data)
 <LI><a href="#[3f]">usbd_cdc_EP0_RxReady</a> from usbd_cdc_core.o(.text) referenced 2 times from usbd_cdc_core.o(.data)
 <LI><a href="#[3c]">usbd_cdc_Init</a> from usbd_cdc_core.o(.text) referenced 2 times from usbd_cdc_core.o(.data)
 <LI><a href="#[42]">usbd_cdc_SOF</a> from usbd_cdc_core.o(.text) referenced 2 times from usbd_cdc_core.o(.data)
 <LI><a href="#[3e]">usbd_cdc_Setup</a> from usbd_cdc_core.o(.text) referenced 2 times from usbd_cdc_core.o(.data)
</UL>
<P>
<H3>
Global Symbols
</H3>
<P><STRONG><a name="[ac]"></a>__main</STRONG> (Thumb, 8 bytes, Stack size 0 bytes, __main.o(!!!main))
<BR><BR>[Calls]<UL><LI><a href="#[ad]">&gt;&gt;</a>&nbsp;&nbsp;&nbsp;__scatterload
<LI><a href="#[ae]">&gt;&gt;</a>&nbsp;&nbsp;&nbsp;__rt_entry
</UL>

<P><STRONG><a name="[ad]"></a>__scatterload</STRONG> (Thumb, 0 bytes, Stack size unknown bytes, __scatter.o(!!!scatter))
<BR><BR>[Called By]<UL><LI><a href="#[ac]">&gt;&gt;</a>&nbsp;&nbsp;&nbsp;__main
</UL>

<P><STRONG><a name="[af]"></a>__scatterload_rt2</STRONG> (Thumb, 44 bytes, Stack size unknown bytes, __scatter.o(!!!scatter), UNUSED)
<BR><BR>[Calls]<UL><LI><a href="#[ae]">&gt;&gt;</a>&nbsp;&nbsp;&nbsp;__rt_entry
</UL>

<P><STRONG><a name="[2f3]"></a>__scatterload_rt2_thumb_only</STRONG> (Thumb, 0 bytes, Stack size unknown bytes, __scatter.o(!!!scatter), UNUSED)

<P><STRONG><a name="[2f4]"></a>__scatterload_null</STRONG> (Thumb, 0 bytes, Stack size unknown bytes, __scatter.o(!!!scatter), UNUSED)

<P><STRONG><a name="[2f5]"></a>__decompress</STRONG> (Thumb, 90 bytes, Stack size unknown bytes, __dczerorl2.o(!!dczerorl2), UNUSED)

<P><STRONG><a name="[2f6]"></a>__decompress1</STRONG> (Thumb, 0 bytes, Stack size unknown bytes, __dczerorl2.o(!!dczerorl2), UNUSED)

<P><STRONG><a name="[2f7]"></a>__scatterload_zeroinit</STRONG> (Thumb, 28 bytes, Stack size unknown bytes, __scatter_zi.o(!!handler_zi), UNUSED)

<P><STRONG><a name="[2c0]"></a>_printf_percent</STRONG> (Thumb, 0 bytes, Stack size unknown bytes, _printf_percent.o(.ARM.Collect$$_printf_percent$$00000000))
<BR><BR>[Called By]<UL><LI><a href="#[2be]">&gt;&gt;</a>&nbsp;&nbsp;&nbsp;__printf
</UL>

<P><STRONG><a name="[b0]"></a>_printf_x</STRONG> (Thumb, 0 bytes, Stack size unknown bytes, _printf_x.o(.ARM.Collect$$_printf_percent$$0000000C))
<BR><BR>[Stack]<UL><LI>Max Depth = 64 + Unknown Stack Size
<LI>Call Chain = _printf_x &rArr; _printf_int_hex &rArr; _printf_int_common &rArr; _printf_post_padding
</UL>
<BR>[Calls]<UL><LI><a href="#[b1]">&gt;&gt;</a>&nbsp;&nbsp;&nbsp;_printf_int_hex
</UL>

<P><STRONG><a name="[b2]"></a>_printf_s</STRONG> (Thumb, 0 bytes, Stack size unknown bytes, _printf_s.o(.ARM.Collect$$_printf_percent$$00000014))
<BR><BR>[Stack]<UL><LI>Max Depth = 40 + Unknown Stack Size
<LI>Call Chain = _printf_s &rArr; _printf_string &rArr; _printf_cs_common &rArr; _printf_str &rArr; _printf_post_padding
</UL>
<BR>[Calls]<UL><LI><a href="#[b3]">&gt;&gt;</a>&nbsp;&nbsp;&nbsp;_printf_string
</UL>

<P><STRONG><a name="[2f8]"></a>_printf_percent_end</STRONG> (Thumb, 0 bytes, Stack size unknown bytes, _printf_percent_end.o(.ARM.Collect$$_printf_percent$$00000017))

<P><STRONG><a name="[bc]"></a>__rt_lib_init</STRONG> (Thumb, 0 bytes, Stack size unknown bytes, libinit.o(.ARM.Collect$$libinit$$00000000))
<BR><BR>[Called By]<UL><LI><a href="#[bb]">&gt;&gt;</a>&nbsp;&nbsp;&nbsp;__rt_entry_li
</UL>

<P><STRONG><a name="[b4]"></a>__rt_lib_init_fp_1</STRONG> (Thumb, 0 bytes, Stack size unknown bytes, libinit2.o(.ARM.Collect$$libinit$$00000001))
<BR><BR>[Calls]<UL><LI><a href="#[b5]">&gt;&gt;</a>&nbsp;&nbsp;&nbsp;_fp_init
</UL>

<P><STRONG><a name="[2f9]"></a>__rt_lib_init_heap_1</STRONG> (Thumb, 0 bytes, Stack size unknown bytes, libinit2.o(.ARM.Collect$$libinit$$0000000A))

<P><STRONG><a name="[b6]"></a>__rt_lib_init_lc_common</STRONG> (Thumb, 0 bytes, Stack size unknown bytes, libinit2.o(.ARM.Collect$$libinit$$0000000F))
<BR><BR>[Calls]<UL><LI><a href="#[b7]">&gt;&gt;</a>&nbsp;&nbsp;&nbsp;__rt_locale
</UL>

<P><STRONG><a name="[2fa]"></a>__rt_lib_init_preinit_1</STRONG> (Thumb, 0 bytes, Stack size unknown bytes, libinit2.o(.ARM.Collect$$libinit$$00000004))

<P><STRONG><a name="[2fb]"></a>__rt_lib_init_rand_1</STRONG> (Thumb, 0 bytes, Stack size unknown bytes, libinit2.o(.ARM.Collect$$libinit$$0000000E))

<P><STRONG><a name="[2fc]"></a>__rt_lib_init_user_alloc_1</STRONG> (Thumb, 0 bytes, Stack size unknown bytes, libinit2.o(.ARM.Collect$$libinit$$0000000C))

<P><STRONG><a name="[2fd]"></a>__rt_lib_init_lc_collate_1</STRONG> (Thumb, 0 bytes, Stack size unknown bytes, libinit2.o(.ARM.Collect$$libinit$$00000011))

<P><STRONG><a name="[b8]"></a>__rt_lib_init_lc_ctype_2</STRONG> (Thumb, 0 bytes, Stack size unknown bytes, libinit2.o(.ARM.Collect$$libinit$$00000012))
<BR><BR>[Stack]<UL><LI>Max Depth = 8 + Unknown Stack Size
<LI>Call Chain = __rt_lib_init_lc_ctype_2 &rArr; _get_lc_ctype
</UL>
<BR>[Calls]<UL><LI><a href="#[ab]">&gt;&gt;</a>&nbsp;&nbsp;&nbsp;_get_lc_ctype
</UL>

<P><STRONG><a name="[2fe]"></a>__rt_lib_init_alloca_1</STRONG> (Thumb, 0 bytes, Stack size unknown bytes, libinit2.o(.ARM.Collect$$libinit$$0000002E))

<P><STRONG><a name="[2ff]"></a>__rt_lib_init_argv_1</STRONG> (Thumb, 0 bytes, Stack size unknown bytes, libinit2.o(.ARM.Collect$$libinit$$0000002C))

<P><STRONG><a name="[300]"></a>__rt_lib_init_atexit_1</STRONG> (Thumb, 0 bytes, Stack size unknown bytes, libinit2.o(.ARM.Collect$$libinit$$0000001B))

<P><STRONG><a name="[301]"></a>__rt_lib_init_clock_1</STRONG> (Thumb, 0 bytes, Stack size unknown bytes, libinit2.o(.ARM.Collect$$libinit$$00000021))

<P><STRONG><a name="[302]"></a>__rt_lib_init_cpp_1</STRONG> (Thumb, 0 bytes, Stack size unknown bytes, libinit2.o(.ARM.Collect$$libinit$$00000032))

<P><STRONG><a name="[303]"></a>__rt_lib_init_exceptions_1</STRONG> (Thumb, 0 bytes, Stack size unknown bytes, libinit2.o(.ARM.Collect$$libinit$$00000030))

<P><STRONG><a name="[304]"></a>__rt_lib_init_fp_trap_1</STRONG> (Thumb, 0 bytes, Stack size unknown bytes, libinit2.o(.ARM.Collect$$libinit$$0000001F))

<P><STRONG><a name="[305]"></a>__rt_lib_init_getenv_1</STRONG> (Thumb, 0 bytes, Stack size unknown bytes, libinit2.o(.ARM.Collect$$libinit$$00000023))

<P><STRONG><a name="[306]"></a>__rt_lib_init_lc_ctype_1</STRONG> (Thumb, 0 bytes, Stack size unknown bytes, libinit2.o(.ARM.Collect$$libinit$$00000013))

<P><STRONG><a name="[307]"></a>__rt_lib_init_lc_monetary_1</STRONG> (Thumb, 0 bytes, Stack size unknown bytes, libinit2.o(.ARM.Collect$$libinit$$00000015))

<P><STRONG><a name="[308]"></a>__rt_lib_init_lc_numeric_1</STRONG> (Thumb, 0 bytes, Stack size unknown bytes, libinit2.o(.ARM.Collect$$libinit$$00000017))

<P><STRONG><a name="[309]"></a>__rt_lib_init_lc_time_1</STRONG> (Thumb, 0 bytes, Stack size unknown bytes, libinit2.o(.ARM.Collect$$libinit$$00000019))

<P><STRONG><a name="[30a]"></a>__rt_lib_init_return</STRONG> (Thumb, 0 bytes, Stack size unknown bytes, libinit2.o(.ARM.Collect$$libinit$$00000033))

<P><STRONG><a name="[30b]"></a>__rt_lib_init_signal_1</STRONG> (Thumb, 0 bytes, Stack size unknown bytes, libinit2.o(.ARM.Collect$$libinit$$0000001D))

<P><STRONG><a name="[30c]"></a>__rt_lib_init_stdio_1</STRONG> (Thumb, 0 bytes, Stack size unknown bytes, libinit2.o(.ARM.Collect$$libinit$$00000025))

<P><STRONG><a name="[c1]"></a>__rt_lib_shutdown</STRONG> (Thumb, 0 bytes, Stack size unknown bytes, libshutdown.o(.ARM.Collect$$libshutdown$$00000000))
<BR><BR>[Called By]<UL><LI><a href="#[c0]">&gt;&gt;</a>&nbsp;&nbsp;&nbsp;__rt_exit_ls
</UL>

<P><STRONG><a name="[30d]"></a>__rt_lib_shutdown_cpp_1</STRONG> (Thumb, 0 bytes, Stack size unknown bytes, libshutdown2.o(.ARM.Collect$$libshutdown$$00000002))

<P><STRONG><a name="[30e]"></a>__rt_lib_shutdown_fp_trap_1</STRONG> (Thumb, 0 bytes, Stack size unknown bytes, libshutdown2.o(.ARM.Collect$$libshutdown$$00000007))

<P><STRONG><a name="[30f]"></a>__rt_lib_shutdown_heap_1</STRONG> (Thumb, 0 bytes, Stack size unknown bytes, libshutdown2.o(.ARM.Collect$$libshutdown$$0000000F))

<P><STRONG><a name="[310]"></a>__rt_lib_shutdown_return</STRONG> (Thumb, 0 bytes, Stack size unknown bytes, libshutdown2.o(.ARM.Collect$$libshutdown$$00000010))

<P><STRONG><a name="[311]"></a>__rt_lib_shutdown_signal_1</STRONG> (Thumb, 0 bytes, Stack size unknown bytes, libshutdown2.o(.ARM.Collect$$libshutdown$$0000000A))

<P><STRONG><a name="[312]"></a>__rt_lib_shutdown_stdio_1</STRONG> (Thumb, 0 bytes, Stack size unknown bytes, libshutdown2.o(.ARM.Collect$$libshutdown$$00000004))

<P><STRONG><a name="[313]"></a>__rt_lib_shutdown_user_alloc_1</STRONG> (Thumb, 0 bytes, Stack size unknown bytes, libshutdown2.o(.ARM.Collect$$libshutdown$$0000000C))

<P><STRONG><a name="[ae]"></a>__rt_entry</STRONG> (Thumb, 0 bytes, Stack size unknown bytes, __rtentry.o(.ARM.Collect$$rtentry$$00000000))
<BR><BR>[Called By]<UL><LI><a href="#[af]">&gt;&gt;</a>&nbsp;&nbsp;&nbsp;__scatterload_rt2
<LI><a href="#[ac]">&gt;&gt;</a>&nbsp;&nbsp;&nbsp;__main
</UL>

<P><STRONG><a name="[314]"></a>__rt_entry_presh_1</STRONG> (Thumb, 0 bytes, Stack size unknown bytes, __rtentry2.o(.ARM.Collect$$rtentry$$00000002))

<P><STRONG><a name="[b9]"></a>__rt_entry_sh</STRONG> (Thumb, 0 bytes, Stack size unknown bytes, __rtentry4.o(.ARM.Collect$$rtentry$$00000004))
<BR><BR>[Stack]<UL><LI>Max Depth = 8 + Unknown Stack Size
<LI>Call Chain = __rt_entry_sh &rArr; __user_setup_stackheap
</UL>
<BR>[Calls]<UL><LI><a href="#[ba]">&gt;&gt;</a>&nbsp;&nbsp;&nbsp;__user_setup_stackheap
</UL>

<P><STRONG><a name="[bb]"></a>__rt_entry_li</STRONG> (Thumb, 0 bytes, Stack size unknown bytes, __rtentry2.o(.ARM.Collect$$rtentry$$0000000A))
<BR><BR>[Calls]<UL><LI><a href="#[bc]">&gt;&gt;</a>&nbsp;&nbsp;&nbsp;__rt_lib_init
</UL>

<P><STRONG><a name="[315]"></a>__rt_entry_postsh_1</STRONG> (Thumb, 0 bytes, Stack size unknown bytes, __rtentry2.o(.ARM.Collect$$rtentry$$00000009))

<P><STRONG><a name="[bd]"></a>__rt_entry_main</STRONG> (Thumb, 0 bytes, Stack size unknown bytes, __rtentry2.o(.ARM.Collect$$rtentry$$0000000D))
<BR><BR>[Stack]<UL><LI>Max Depth = 320 + Unknown Stack Size
<LI>Call Chain = __rt_entry_main &rArr; main &rArr; do_init &rArr; init_sys &rArr; init_robot &rArr; __hardfp_sin &rArr; __ieee754_rem_pio2 &rArr; __aeabi_dmul
</UL>
<BR>[Calls]<UL><LI><a href="#[be]">&gt;&gt;</a>&nbsp;&nbsp;&nbsp;main
<LI><a href="#[bf]">&gt;&gt;</a>&nbsp;&nbsp;&nbsp;exit
</UL>

<P><STRONG><a name="[316]"></a>__rt_entry_postli_1</STRONG> (Thumb, 0 bytes, Stack size unknown bytes, __rtentry2.o(.ARM.Collect$$rtentry$$0000000C))

<P><STRONG><a name="[2d0]"></a>__rt_exit</STRONG> (Thumb, 0 bytes, Stack size unknown bytes, rtexit.o(.ARM.Collect$$rtexit$$00000000))
<BR><BR>[Called By]<UL><LI><a href="#[bf]">&gt;&gt;</a>&nbsp;&nbsp;&nbsp;exit
</UL>

<P><STRONG><a name="[c0]"></a>__rt_exit_ls</STRONG> (Thumb, 0 bytes, Stack size unknown bytes, rtexit2.o(.ARM.Collect$$rtexit$$00000003))
<BR><BR>[Calls]<UL><LI><a href="#[c1]">&gt;&gt;</a>&nbsp;&nbsp;&nbsp;__rt_lib_shutdown
</UL>

<P><STRONG><a name="[317]"></a>__rt_exit_prels_1</STRONG> (Thumb, 0 bytes, Stack size unknown bytes, rtexit2.o(.ARM.Collect$$rtexit$$00000002))

<P><STRONG><a name="[c2]"></a>__rt_exit_exit</STRONG> (Thumb, 0 bytes, Stack size unknown bytes, rtexit2.o(.ARM.Collect$$rtexit$$00000004))
<BR><BR>[Calls]<UL><LI><a href="#[c3]">&gt;&gt;</a>&nbsp;&nbsp;&nbsp;_sys_exit
</UL>

<P><STRONG><a name="[a2]"></a>nrf24l01_init</STRONG> (Thumb, 150 bytes, Stack size 16 bytes, nrf24l01.o(.text))
<BR><BR>[Stack]<UL><LI>Max Depth = 72<LI>Call Chain = nrf24l01_init &rArr; L01_SetRXAddr &rArr; L01_WriteMultiReg &rArr; nrf_spi_wr_rd
</UL>
<BR>[Calls]<UL><LI><a href="#[c6]">&gt;&gt;</a>&nbsp;&nbsp;&nbsp;wait_100us
<LI><a href="#[c5]">&gt;&gt;</a>&nbsp;&nbsp;&nbsp;L01_WriteSingleReg
<LI><a href="#[c8]">&gt;&gt;</a>&nbsp;&nbsp;&nbsp;L01_SetTXAddr
<LI><a href="#[c7]">&gt;&gt;</a>&nbsp;&nbsp;&nbsp;L01_SetRXAddr
<LI><a href="#[c4]">&gt;&gt;</a>&nbsp;&nbsp;&nbsp;L01_ClearIRQ
</UL>
<BR>[Called By]<UL><LI><a href="#[142]">&gt;&gt;</a>&nbsp;&nbsp;&nbsp;init_comm
</UL>
<BR>[Address Reference Count : 1]<UL><LI> comm.o(.text)
</UL>
<P><STRONG><a name="[143]"></a>set_receive_flag</STRONG> (Thumb, 8 bytes, Stack size 0 bytes, nrf24l01.o(.text))
<BR><BR>[Called By]<UL><LI><a href="#[142]">&gt;&gt;</a>&nbsp;&nbsp;&nbsp;init_comm
</UL>

<P><STRONG><a name="[147]"></a>get_receive_flag</STRONG> (Thumb, 6 bytes, Stack size 0 bytes, nrf24l01.o(.text))
<BR><BR>[Called By]<UL><LI><a href="#[10e]">&gt;&gt;</a>&nbsp;&nbsp;&nbsp;do_comm
</UL>

<P><STRONG><a name="[d0]"></a>clr_receive_flag</STRONG> (Thumb, 8 bytes, Stack size 0 bytes, nrf24l01.o(.text))
<BR><BR>[Called By]<UL><LI><a href="#[10e]">&gt;&gt;</a>&nbsp;&nbsp;&nbsp;do_comm
<LI><a href="#[a1]">&gt;&gt;</a>&nbsp;&nbsp;&nbsp;send_nRF24L01_packet
</UL>

<P><STRONG><a name="[c9]"></a>start_nRF24L01_RX</STRONG> (Thumb, 56 bytes, Stack size 8 bytes, nrf24l01.o(.text))
<BR><BR>[Stack]<UL><LI>Max Depth = 48<LI>Call Chain = start_nRF24L01_RX &rArr; L01_SetTRMode &rArr; L01_ReadSingleReg &rArr; nrf_spi_wr_rd
</UL>
<BR>[Calls]<UL><LI><a href="#[ca]">&gt;&gt;</a>&nbsp;&nbsp;&nbsp;L01_SetTRMode
<LI><a href="#[cc]">&gt;&gt;</a>&nbsp;&nbsp;&nbsp;L01_FlushTX
<LI><a href="#[cb]">&gt;&gt;</a>&nbsp;&nbsp;&nbsp;L01_FlushRX
<LI><a href="#[c4]">&gt;&gt;</a>&nbsp;&nbsp;&nbsp;L01_ClearIRQ
</UL>
<BR>[Called By]<UL><LI><a href="#[142]">&gt;&gt;</a>&nbsp;&nbsp;&nbsp;init_comm
<LI><a href="#[105]">&gt;&gt;</a>&nbsp;&nbsp;&nbsp;do_run
</UL>

<P><STRONG><a name="[a0]"></a>get_nRF24L01_packet</STRONG> (Thumb, 60 bytes, Stack size 16 bytes, nrf24l01.o(.text))
<BR><BR>[Stack]<UL><LI>Max Depth = 48<LI>Call Chain = get_nRF24L01_packet &rArr; L01_ReadRXPayload &rArr; L01_ReadTopFIFOWidth &rArr; nrf_spi_wr_rd
</UL>
<BR>[Calls]<UL><LI><a href="#[cd]">&gt;&gt;</a>&nbsp;&nbsp;&nbsp;L01_ReadRXPayload
</UL>
<BR>[Address Reference Count : 1]<UL><LI> comm.o(.text)
</UL>
<P><STRONG><a name="[a1]"></a>send_nRF24L01_packet</STRONG> (Thumb, 58 bytes, Stack size 8 bytes, nrf24l01.o(.text))
<BR><BR>[Stack]<UL><LI>Max Depth = 48<LI>Call Chain = send_nRF24L01_packet &rArr; L01_SetTRMode &rArr; L01_ReadSingleReg &rArr; nrf_spi_wr_rd
</UL>
<BR>[Calls]<UL><LI><a href="#[cf]">&gt;&gt;</a>&nbsp;&nbsp;&nbsp;wait_us
<LI><a href="#[ce]">&gt;&gt;</a>&nbsp;&nbsp;&nbsp;L01_WriteTXPayload_NoAck
<LI><a href="#[ca]">&gt;&gt;</a>&nbsp;&nbsp;&nbsp;L01_SetTRMode
<LI><a href="#[cc]">&gt;&gt;</a>&nbsp;&nbsp;&nbsp;L01_FlushTX
<LI><a href="#[d0]">&gt;&gt;</a>&nbsp;&nbsp;&nbsp;clr_receive_flag
</UL>
<BR>[Address Reference Count : 1]<UL><LI> comm.o(.text)
</UL>
<P><STRONG><a name="[d1]"></a>L01_ReadSingleReg</STRONG> (Thumb, 36 bytes, Stack size 16 bytes, nrf24l01_drv.o(.text))
<BR><BR>[Stack]<UL><LI>Max Depth = 24<LI>Call Chain = L01_ReadSingleReg &rArr; nrf_spi_wr_rd
</UL>
<BR>[Calls]<UL><LI><a href="#[d2]">&gt;&gt;</a>&nbsp;&nbsp;&nbsp;nrf_spi_wr_rd
</UL>
<BR>[Called By]<UL><LI><a href="#[dd]">&gt;&gt;</a>&nbsp;&nbsp;&nbsp;L01_SetPower
<LI><a href="#[dc]">&gt;&gt;</a>&nbsp;&nbsp;&nbsp;L01_SetSpeed
<LI><a href="#[ca]">&gt;&gt;</a>&nbsp;&nbsp;&nbsp;L01_SetTRMode
</UL>

<P><STRONG><a name="[d3]"></a>L01_ReadMultiReg</STRONG> (Thumb, 54 bytes, Stack size 24 bytes, nrf24l01_drv.o(.text), UNUSED)
<BR><BR>[Calls]<UL><LI><a href="#[d2]">&gt;&gt;</a>&nbsp;&nbsp;&nbsp;nrf_spi_wr_rd
</UL>

<P><STRONG><a name="[c5]"></a>L01_WriteSingleReg</STRONG> (Thumb, 36 bytes, Stack size 16 bytes, nrf24l01_drv.o(.text))
<BR><BR>[Stack]<UL><LI>Max Depth = 24<LI>Call Chain = L01_WriteSingleReg &rArr; nrf_spi_wr_rd
</UL>
<BR>[Calls]<UL><LI><a href="#[d2]">&gt;&gt;</a>&nbsp;&nbsp;&nbsp;nrf_spi_wr_rd
</UL>
<BR>[Called By]<UL><LI><a href="#[de]">&gt;&gt;</a>&nbsp;&nbsp;&nbsp;L01_WriteHoppingPoint
<LI><a href="#[dd]">&gt;&gt;</a>&nbsp;&nbsp;&nbsp;L01_SetPower
<LI><a href="#[dc]">&gt;&gt;</a>&nbsp;&nbsp;&nbsp;L01_SetSpeed
<LI><a href="#[ca]">&gt;&gt;</a>&nbsp;&nbsp;&nbsp;L01_SetTRMode
<LI><a href="#[a2]">&gt;&gt;</a>&nbsp;&nbsp;&nbsp;nrf24l01_init
</UL>

<P><STRONG><a name="[d4]"></a>L01_WriteMultiReg</STRONG> (Thumb, 54 bytes, Stack size 24 bytes, nrf24l01_drv.o(.text))
<BR><BR>[Stack]<UL><LI>Max Depth = 32<LI>Call Chain = L01_WriteMultiReg &rArr; nrf_spi_wr_rd
</UL>
<BR>[Calls]<UL><LI><a href="#[d2]">&gt;&gt;</a>&nbsp;&nbsp;&nbsp;nrf_spi_wr_rd
</UL>
<BR>[Called By]<UL><LI><a href="#[c8]">&gt;&gt;</a>&nbsp;&nbsp;&nbsp;L01_SetTXAddr
<LI><a href="#[c7]">&gt;&gt;</a>&nbsp;&nbsp;&nbsp;L01_SetRXAddr
</UL>

<P><STRONG><a name="[cc]"></a>L01_FlushTX</STRONG> (Thumb, 24 bytes, Stack size 8 bytes, nrf24l01_drv.o(.text))
<BR><BR>[Stack]<UL><LI>Max Depth = 16<LI>Call Chain = L01_FlushTX &rArr; nrf_spi_wr_rd
</UL>
<BR>[Calls]<UL><LI><a href="#[d2]">&gt;&gt;</a>&nbsp;&nbsp;&nbsp;nrf_spi_wr_rd
</UL>
<BR>[Called By]<UL><LI><a href="#[da]">&gt;&gt;</a>&nbsp;&nbsp;&nbsp;L01_WriteTXPayload_Ack
<LI><a href="#[a1]">&gt;&gt;</a>&nbsp;&nbsp;&nbsp;send_nRF24L01_packet
<LI><a href="#[c9]">&gt;&gt;</a>&nbsp;&nbsp;&nbsp;start_nRF24L01_RX
</UL>

<P><STRONG><a name="[cb]"></a>L01_FlushRX</STRONG> (Thumb, 24 bytes, Stack size 8 bytes, nrf24l01_drv.o(.text))
<BR><BR>[Stack]<UL><LI>Max Depth = 16<LI>Call Chain = L01_FlushRX &rArr; nrf_spi_wr_rd
</UL>
<BR>[Calls]<UL><LI><a href="#[d2]">&gt;&gt;</a>&nbsp;&nbsp;&nbsp;nrf_spi_wr_rd
</UL>
<BR>[Called By]<UL><LI><a href="#[cd]">&gt;&gt;</a>&nbsp;&nbsp;&nbsp;L01_ReadRXPayload
<LI><a href="#[c9]">&gt;&gt;</a>&nbsp;&nbsp;&nbsp;start_nRF24L01_RX
</UL>

<P><STRONG><a name="[d5]"></a>L01_ReuseTXPayload</STRONG> (Thumb, 24 bytes, Stack size 8 bytes, nrf24l01_drv.o(.text), UNUSED)
<BR><BR>[Calls]<UL><LI><a href="#[d2]">&gt;&gt;</a>&nbsp;&nbsp;&nbsp;nrf_spi_wr_rd
</UL>

<P><STRONG><a name="[d6]"></a>L01_Nop</STRONG> (Thumb, 24 bytes, Stack size 8 bytes, nrf24l01_drv.o(.text), UNUSED)
<BR><BR>[Calls]<UL><LI><a href="#[d2]">&gt;&gt;</a>&nbsp;&nbsp;&nbsp;nrf_spi_wr_rd
</UL>

<P><STRONG><a name="[d7]"></a>L01_ReadStatusReg</STRONG> (Thumb, 28 bytes, Stack size 8 bytes, nrf24l01_drv.o(.text))
<BR><BR>[Stack]<UL><LI>Max Depth = 16<LI>Call Chain = L01_ReadStatusReg &rArr; nrf_spi_wr_rd
</UL>
<BR>[Calls]<UL><LI><a href="#[d2]">&gt;&gt;</a>&nbsp;&nbsp;&nbsp;nrf_spi_wr_rd
</UL>
<BR>[Called By]<UL><LI><a href="#[d8]">&gt;&gt;</a>&nbsp;&nbsp;&nbsp;L01_ReadIRQSource
<LI><a href="#[c4]">&gt;&gt;</a>&nbsp;&nbsp;&nbsp;L01_ClearIRQ
</UL>

<P><STRONG><a name="[c4]"></a>L01_ClearIRQ</STRONG> (Thumb, 50 bytes, Stack size 16 bytes, nrf24l01_drv.o(.text))
<BR><BR>[Stack]<UL><LI>Max Depth = 32<LI>Call Chain = L01_ClearIRQ &rArr; L01_ReadStatusReg &rArr; nrf_spi_wr_rd
</UL>
<BR>[Calls]<UL><LI><a href="#[d2]">&gt;&gt;</a>&nbsp;&nbsp;&nbsp;nrf_spi_wr_rd
<LI><a href="#[d7]">&gt;&gt;</a>&nbsp;&nbsp;&nbsp;L01_ReadStatusReg
</UL>
<BR>[Called By]<UL><LI><a href="#[c9]">&gt;&gt;</a>&nbsp;&nbsp;&nbsp;start_nRF24L01_RX
<LI><a href="#[a2]">&gt;&gt;</a>&nbsp;&nbsp;&nbsp;nrf24l01_init
</UL>

<P><STRONG><a name="[d8]"></a>L01_ReadIRQSource</STRONG> (Thumb, 12 bytes, Stack size 8 bytes, nrf24l01_drv.o(.text), UNUSED)
<BR><BR>[Calls]<UL><LI><a href="#[d7]">&gt;&gt;</a>&nbsp;&nbsp;&nbsp;L01_ReadStatusReg
</UL>

<P><STRONG><a name="[d9]"></a>L01_ReadTopFIFOWidth</STRONG> (Thumb, 34 bytes, Stack size 8 bytes, nrf24l01_drv.o(.text))
<BR><BR>[Stack]<UL><LI>Max Depth = 16<LI>Call Chain = L01_ReadTopFIFOWidth &rArr; nrf_spi_wr_rd
</UL>
<BR>[Calls]<UL><LI><a href="#[d2]">&gt;&gt;</a>&nbsp;&nbsp;&nbsp;nrf_spi_wr_rd
</UL>
<BR>[Called By]<UL><LI><a href="#[cd]">&gt;&gt;</a>&nbsp;&nbsp;&nbsp;L01_ReadRXPayload
</UL>

<P><STRONG><a name="[cd]"></a>L01_ReadRXPayload</STRONG> (Thumb, 76 bytes, Stack size 16 bytes, nrf24l01_drv.o(.text))
<BR><BR>[Stack]<UL><LI>Max Depth = 32<LI>Call Chain = L01_ReadRXPayload &rArr; L01_ReadTopFIFOWidth &rArr; nrf_spi_wr_rd
</UL>
<BR>[Calls]<UL><LI><a href="#[d2]">&gt;&gt;</a>&nbsp;&nbsp;&nbsp;nrf_spi_wr_rd
<LI><a href="#[d9]">&gt;&gt;</a>&nbsp;&nbsp;&nbsp;L01_ReadTopFIFOWidth
<LI><a href="#[cb]">&gt;&gt;</a>&nbsp;&nbsp;&nbsp;L01_FlushRX
</UL>
<BR>[Called By]<UL><LI><a href="#[a0]">&gt;&gt;</a>&nbsp;&nbsp;&nbsp;get_nRF24L01_packet
</UL>

<P><STRONG><a name="[da]"></a>L01_WriteTXPayload_Ack</STRONG> (Thumb, 66 bytes, Stack size 24 bytes, nrf24l01_drv.o(.text), UNUSED)
<BR><BR>[Calls]<UL><LI><a href="#[d2]">&gt;&gt;</a>&nbsp;&nbsp;&nbsp;nrf_spi_wr_rd
<LI><a href="#[cc]">&gt;&gt;</a>&nbsp;&nbsp;&nbsp;L01_FlushTX
</UL>

<P><STRONG><a name="[ce]"></a>L01_WriteTXPayload_NoAck</STRONG> (Thumb, 58 bytes, Stack size 16 bytes, nrf24l01_drv.o(.text))
<BR><BR>[Stack]<UL><LI>Max Depth = 24<LI>Call Chain = L01_WriteTXPayload_NoAck &rArr; nrf_spi_wr_rd
</UL>
<BR>[Calls]<UL><LI><a href="#[d2]">&gt;&gt;</a>&nbsp;&nbsp;&nbsp;nrf_spi_wr_rd
</UL>
<BR>[Called By]<UL><LI><a href="#[a1]">&gt;&gt;</a>&nbsp;&nbsp;&nbsp;send_nRF24L01_packet
</UL>

<P><STRONG><a name="[db]"></a>L01_WriteRXPayload_InAck</STRONG> (Thumb, 62 bytes, Stack size 24 bytes, nrf24l01_drv.o(.text), UNUSED)
<BR><BR>[Calls]<UL><LI><a href="#[d2]">&gt;&gt;</a>&nbsp;&nbsp;&nbsp;nrf_spi_wr_rd
</UL>

<P><STRONG><a name="[c8]"></a>L01_SetTXAddr</STRONG> (Thumb, 30 bytes, Stack size 16 bytes, nrf24l01_drv.o(.text))
<BR><BR>[Stack]<UL><LI>Max Depth = 48<LI>Call Chain = L01_SetTXAddr &rArr; L01_WriteMultiReg &rArr; nrf_spi_wr_rd
</UL>
<BR>[Calls]<UL><LI><a href="#[d4]">&gt;&gt;</a>&nbsp;&nbsp;&nbsp;L01_WriteMultiReg
</UL>
<BR>[Called By]<UL><LI><a href="#[a2]">&gt;&gt;</a>&nbsp;&nbsp;&nbsp;nrf24l01_init
</UL>

<P><STRONG><a name="[c7]"></a>L01_SetRXAddr</STRONG> (Thumb, 52 bytes, Stack size 24 bytes, nrf24l01_drv.o(.text))
<BR><BR>[Stack]<UL><LI>Max Depth = 56<LI>Call Chain = L01_SetRXAddr &rArr; L01_WriteMultiReg &rArr; nrf_spi_wr_rd
</UL>
<BR>[Calls]<UL><LI><a href="#[d4]">&gt;&gt;</a>&nbsp;&nbsp;&nbsp;L01_WriteMultiReg
</UL>
<BR>[Called By]<UL><LI><a href="#[a2]">&gt;&gt;</a>&nbsp;&nbsp;&nbsp;nrf24l01_init
</UL>

<P><STRONG><a name="[dc]"></a>L01_SetSpeed</STRONG> (Thumb, 52 bytes, Stack size 16 bytes, nrf24l01_drv.o(.text), UNUSED)
<BR><BR>[Calls]<UL><LI><a href="#[d1]">&gt;&gt;</a>&nbsp;&nbsp;&nbsp;L01_ReadSingleReg
<LI><a href="#[c5]">&gt;&gt;</a>&nbsp;&nbsp;&nbsp;L01_WriteSingleReg
</UL>

<P><STRONG><a name="[dd]"></a>L01_SetPower</STRONG> (Thumb, 66 bytes, Stack size 16 bytes, nrf24l01_drv.o(.text), UNUSED)
<BR><BR>[Calls]<UL><LI><a href="#[d1]">&gt;&gt;</a>&nbsp;&nbsp;&nbsp;L01_ReadSingleReg
<LI><a href="#[c5]">&gt;&gt;</a>&nbsp;&nbsp;&nbsp;L01_WriteSingleReg
</UL>

<P><STRONG><a name="[de]"></a>L01_WriteHoppingPoint</STRONG> (Thumb, 16 bytes, Stack size 8 bytes, nrf24l01_drv.o(.text), UNUSED)
<BR><BR>[Calls]<UL><LI><a href="#[c5]">&gt;&gt;</a>&nbsp;&nbsp;&nbsp;L01_WriteSingleReg
</UL>

<P><STRONG><a name="[ca]"></a>L01_SetTRMode</STRONG> (Thumb, 38 bytes, Stack size 16 bytes, nrf24l01_drv.o(.text))
<BR><BR>[Stack]<UL><LI>Max Depth = 40<LI>Call Chain = L01_SetTRMode &rArr; L01_ReadSingleReg &rArr; nrf_spi_wr_rd
</UL>
<BR>[Calls]<UL><LI><a href="#[d1]">&gt;&gt;</a>&nbsp;&nbsp;&nbsp;L01_ReadSingleReg
<LI><a href="#[c5]">&gt;&gt;</a>&nbsp;&nbsp;&nbsp;L01_WriteSingleReg
</UL>
<BR>[Called By]<UL><LI><a href="#[a1]">&gt;&gt;</a>&nbsp;&nbsp;&nbsp;send_nRF24L01_packet
<LI><a href="#[c9]">&gt;&gt;</a>&nbsp;&nbsp;&nbsp;start_nRF24L01_RX
</UL>

<P><STRONG><a name="[df]"></a>stop_mode_packet</STRONG> (Thumb, 172 bytes, Stack size 16 bytes, packet.o(.text))
<BR><BR>[Stack]<UL><LI>Max Depth = 44<LI>Call Chain = stop_mode_packet &rArr; get_cap_v &rArr; ADC_RegularChannelConfig
</UL>
<BR>[Calls]<UL><LI><a href="#[e2]">&gt;&gt;</a>&nbsp;&nbsp;&nbsp;is_infra_broken
<LI><a href="#[e1]">&gt;&gt;</a>&nbsp;&nbsp;&nbsp;get_cap_v
<LI><a href="#[e0]">&gt;&gt;</a>&nbsp;&nbsp;&nbsp;get_bat_v
</UL>
<BR>[Called By]<UL><LI><a href="#[144]">&gt;&gt;</a>&nbsp;&nbsp;&nbsp;do_comm_up
</UL>

<P><STRONG><a name="[e3]"></a>packet</STRONG> (Thumb, 330 bytes, Stack size 8 bytes, packet.o(.text))
<BR><BR>[Stack]<UL><LI>Max Depth = 76<LI>Call Chain = packet &rArr; do_power_monitor &rArr; is_power_low &rArr; get_bat_v &rArr; ADC_RegularChannelConfig
</UL>
<BR>[Calls]<UL><LI><a href="#[e4]">&gt;&gt;</a>&nbsp;&nbsp;&nbsp;is_ball_detected
<LI><a href="#[e5]">&gt;&gt;</a>&nbsp;&nbsp;&nbsp;do_power_monitor
</UL>
<BR>[Called By]<UL><LI><a href="#[144]">&gt;&gt;</a>&nbsp;&nbsp;&nbsp;do_comm_up
</UL>

<P><STRONG><a name="[146]"></a>get_packet_type</STRONG> (Thumb, 52 bytes, Stack size 8 bytes, packet.o(.text))
<BR><BR>[Stack]<UL><LI>Max Depth = 8<LI>Call Chain = get_packet_type
</UL>
<BR>[Called By]<UL><LI><a href="#[145]">&gt;&gt;</a>&nbsp;&nbsp;&nbsp;do_packet_process
</UL>

<P><STRONG><a name="[e6]"></a>decode_packet_robot</STRONG> (Thumb, 522 bytes, Stack size 40 bytes, packet.o(.text))
<BR><BR>[Stack]<UL><LI>Max Depth = 48<LI>Call Chain = decode_packet_robot &rArr; get_one_timer
</UL>
<BR>[Calls]<UL><LI><a href="#[e7]">&gt;&gt;</a>&nbsp;&nbsp;&nbsp;get_one_timer
</UL>
<BR>[Called By]<UL><LI><a href="#[145]">&gt;&gt;</a>&nbsp;&nbsp;&nbsp;do_packet_process
</UL>

<P><STRONG><a name="[e9]"></a>compare_data</STRONG> (Thumb, 42 bytes, Stack size 12 bytes, packet.o(.text))
<BR><BR>[Stack]<UL><LI>Max Depth = 12<LI>Call Chain = compare_data
</UL>
<BR>[Called By]<UL><LI><a href="#[e8]">&gt;&gt;</a>&nbsp;&nbsp;&nbsp;cpuid_identify
</UL>

<P><STRONG><a name="[e8]"></a>cpuid_identify</STRONG> (Thumb, 48 bytes, Stack size 20 bytes, packet.o(.text))
<BR><BR>[Stack]<UL><LI>Max Depth = 32<LI>Call Chain = cpuid_identify &rArr; compare_data
</UL>
<BR>[Calls]<UL><LI><a href="#[e9]">&gt;&gt;</a>&nbsp;&nbsp;&nbsp;compare_data
</UL>
<BR>[Called By]<UL><LI><a href="#[ea]">&gt;&gt;</a>&nbsp;&nbsp;&nbsp;decode_identify_packet
</UL>

<P><STRONG><a name="[ea]"></a>decode_identify_packet</STRONG> (Thumb, 204 bytes, Stack size 16 bytes, packet.o(.text))
<BR><BR>[Stack]<UL><LI>Max Depth = 48<LI>Call Chain = decode_identify_packet &rArr; cpuid_identify &rArr; compare_data
</UL>
<BR>[Calls]<UL><LI><a href="#[e7]">&gt;&gt;</a>&nbsp;&nbsp;&nbsp;get_one_timer
<LI><a href="#[e8]">&gt;&gt;</a>&nbsp;&nbsp;&nbsp;cpuid_identify
<LI><a href="#[eb]">&gt;&gt;</a>&nbsp;&nbsp;&nbsp;__aeabi_memclr
</UL>
<BR>[Called By]<UL><LI><a href="#[145]">&gt;&gt;</a>&nbsp;&nbsp;&nbsp;do_packet_process
</UL>

<P><STRONG><a name="[ed]"></a>get_param_ch_sum</STRONG> (Thumb, 34 bytes, Stack size 0 bytes, param.o(.text))
<BR><BR>[Called By]<UL><LI><a href="#[ef]">&gt;&gt;</a>&nbsp;&nbsp;&nbsp;load_param
<LI><a href="#[ee]">&gt;&gt;</a>&nbsp;&nbsp;&nbsp;init_param
<LI><a href="#[ec]">&gt;&gt;</a>&nbsp;&nbsp;&nbsp;init_def_param
</UL>

<P><STRONG><a name="[ec]"></a>init_def_param</STRONG> (Thumb, 72 bytes, Stack size 8 bytes, param.o(.text))
<BR><BR>[Stack]<UL><LI>Max Depth = 8<LI>Call Chain = init_def_param
</UL>
<BR>[Calls]<UL><LI><a href="#[ed]">&gt;&gt;</a>&nbsp;&nbsp;&nbsp;get_param_ch_sum
<LI><a href="#[eb]">&gt;&gt;</a>&nbsp;&nbsp;&nbsp;__aeabi_memclr
</UL>
<BR>[Called By]<UL><LI><a href="#[ef]">&gt;&gt;</a>&nbsp;&nbsp;&nbsp;load_param
</UL>

<P><STRONG><a name="[ee]"></a>init_param</STRONG> (Thumb, 72 bytes, Stack size 8 bytes, param.o(.text))
<BR><BR>[Stack]<UL><LI>Max Depth = 8<LI>Call Chain = init_param
</UL>
<BR>[Calls]<UL><LI><a href="#[ed]">&gt;&gt;</a>&nbsp;&nbsp;&nbsp;get_param_ch_sum
<LI><a href="#[eb]">&gt;&gt;</a>&nbsp;&nbsp;&nbsp;__aeabi_memclr
</UL>
<BR>[Called By]<UL><LI><a href="#[f2]">&gt;&gt;</a>&nbsp;&nbsp;&nbsp;load_blue_param
</UL>

<P><STRONG><a name="[ef]"></a>load_param</STRONG> (Thumb, 66 bytes, Stack size 16 bytes, param.o(.text))
<BR><BR>[Stack]<UL><LI>Max Depth = 88<LI>Call Chain = load_param &rArr; high_size_eeprom_wr &rArr; i2c_send_byte &rArr; is_i2c_ack &rArr; i2c_stop
</UL>
<BR>[Calls]<UL><LI><a href="#[f1]">&gt;&gt;</a>&nbsp;&nbsp;&nbsp;high_size_eeprom_wr
<LI><a href="#[f0]">&gt;&gt;</a>&nbsp;&nbsp;&nbsp;high_size_eeprom_rd
<LI><a href="#[ec]">&gt;&gt;</a>&nbsp;&nbsp;&nbsp;init_def_param
<LI><a href="#[ed]">&gt;&gt;</a>&nbsp;&nbsp;&nbsp;get_param_ch_sum
<LI><a href="#[eb]">&gt;&gt;</a>&nbsp;&nbsp;&nbsp;__aeabi_memclr
</UL>
<BR>[Called By]<UL><LI><a href="#[f9]">&gt;&gt;</a>&nbsp;&nbsp;&nbsp;init_robot
</UL>

<P><STRONG><a name="[f2]"></a>load_blue_param</STRONG> (Thumb, 34 bytes, Stack size 40 bytes, param.o(.text))
<BR><BR>[Stack]<UL><LI>Max Depth = 112<LI>Call Chain = load_blue_param &rArr; high_size_eeprom_wr &rArr; i2c_send_byte &rArr; is_i2c_ack &rArr; i2c_stop
</UL>
<BR>[Calls]<UL><LI><a href="#[f1]">&gt;&gt;</a>&nbsp;&nbsp;&nbsp;high_size_eeprom_wr
<LI><a href="#[ee]">&gt;&gt;</a>&nbsp;&nbsp;&nbsp;init_param
<LI><a href="#[f3]">&gt;&gt;</a>&nbsp;&nbsp;&nbsp;__aeabi_memclr4
</UL>
<BR>[Called By]<UL><LI><a href="#[199]">&gt;&gt;</a>&nbsp;&nbsp;&nbsp;init_sys
</UL>

<P><STRONG><a name="[f8]"></a>calc_max_output</STRONG> (Thumb, 76 bytes, Stack size 0 bytes, pid.o(.text))
<BR><BR>[Called By]<UL><LI><a href="#[f6]">&gt;&gt;</a>&nbsp;&nbsp;&nbsp;pid_step
</UL>

<P><STRONG><a name="[f5]"></a>pid_reinit</STRONG> (Thumb, 30 bytes, Stack size 0 bytes, pid.o(.text))
<BR><BR>[Called By]<UL><LI><a href="#[107]">&gt;&gt;</a>&nbsp;&nbsp;&nbsp;start_motor
<LI><a href="#[f4]">&gt;&gt;</a>&nbsp;&nbsp;&nbsp;pid_init
</UL>

<P><STRONG><a name="[f4]"></a>pid_init</STRONG> (Thumb, 86 bytes, Stack size 4 bytes, pid.o(.text))
<BR><BR>[Stack]<UL><LI>Max Depth = 4<LI>Call Chain = pid_init
</UL>
<BR>[Calls]<UL><LI><a href="#[f5]">&gt;&gt;</a>&nbsp;&nbsp;&nbsp;pid_reinit
</UL>
<BR>[Called By]<UL><LI><a href="#[f9]">&gt;&gt;</a>&nbsp;&nbsp;&nbsp;init_robot
</UL>

<P><STRONG><a name="[318]"></a>pid_set_point</STRONG> (Thumb, 4 bytes, Stack size 0 bytes, pid.o(.text), UNUSED)

<P><STRONG><a name="[319]"></a>pid_set_limit</STRONG> (Thumb, 4 bytes, Stack size 0 bytes, pid.o(.text), UNUSED)

<P><STRONG><a name="[31a]"></a>pid_set_torque_limit</STRONG> (Thumb, 6 bytes, Stack size 0 bytes, pid.o(.text), UNUSED)

<P><STRONG><a name="[f6]"></a>pid_step</STRONG> (Thumb, 198 bytes, Stack size 32 bytes, pid.o(.text))
<BR><BR>[Stack]<UL><LI>Max Depth = 32<LI>Call Chain = pid_step
</UL>
<BR>[Calls]<UL><LI><a href="#[f7]">&gt;&gt;</a>&nbsp;&nbsp;&nbsp;N2RPM
<LI><a href="#[f8]">&gt;&gt;</a>&nbsp;&nbsp;&nbsp;calc_max_output
</UL>
<BR>[Called By]<UL><LI><a href="#[104]">&gt;&gt;</a>&nbsp;&nbsp;&nbsp;update_motor
</UL>

<P><STRONG><a name="[fb]"></a>gyro_pid_init</STRONG> (Thumb, 98 bytes, Stack size 0 bytes, pid.o(.text))
<BR><BR>[Called By]<UL><LI><a href="#[f9]">&gt;&gt;</a>&nbsp;&nbsp;&nbsp;init_robot
</UL>

<P><STRONG><a name="[112]"></a>gyro_control_calcuate</STRONG> (Thumb, 178 bytes, Stack size 0 bytes, pid.o(.text))
<BR><BR>[Called By]<UL><LI><a href="#[105]">&gt;&gt;</a>&nbsp;&nbsp;&nbsp;do_run
</UL>

<P><STRONG><a name="[31b]"></a>pid_get_output</STRONG> (Thumb, 6 bytes, Stack size 0 bytes, pid.o(.text), UNUSED)

<P><STRONG><a name="[31c]"></a>pid_set_param</STRONG> (Thumb, 46 bytes, Stack size 0 bytes, pid.o(.text), UNUSED)

<P><STRONG><a name="[f9]"></a>init_robot</STRONG> (Thumb, 588 bytes, Stack size 96 bytes, robot.o(.text))
<BR><BR>[Stack]<UL><LI>Max Depth = 280<LI>Call Chain = init_robot &rArr; __hardfp_sin &rArr; __ieee754_rem_pio2 &rArr; __aeabi_dmul
</UL>
<BR>[Calls]<UL><LI><a href="#[101]">&gt;&gt;</a>&nbsp;&nbsp;&nbsp;start_ir_pwm
<LI><a href="#[fa]">&gt;&gt;</a>&nbsp;&nbsp;&nbsp;read_dip_sw
<LI><a href="#[100]">&gt;&gt;</a>&nbsp;&nbsp;&nbsp;init_shooter
<LI><a href="#[fb]">&gt;&gt;</a>&nbsp;&nbsp;&nbsp;gyro_pid_init
<LI><a href="#[f4]">&gt;&gt;</a>&nbsp;&nbsp;&nbsp;pid_init
<LI><a href="#[ef]">&gt;&gt;</a>&nbsp;&nbsp;&nbsp;load_param
<LI><a href="#[f3]">&gt;&gt;</a>&nbsp;&nbsp;&nbsp;__aeabi_memclr4
<LI><a href="#[fd]">&gt;&gt;</a>&nbsp;&nbsp;&nbsp;__hardfp_sin
<LI><a href="#[ff]">&gt;&gt;</a>&nbsp;&nbsp;&nbsp;__hardfp_cos
<LI><a href="#[fc]">&gt;&gt;</a>&nbsp;&nbsp;&nbsp;__aeabi_f2d
<LI><a href="#[fe]">&gt;&gt;</a>&nbsp;&nbsp;&nbsp;__aeabi_d2f
</UL>
<BR>[Called By]<UL><LI><a href="#[199]">&gt;&gt;</a>&nbsp;&nbsp;&nbsp;init_sys
</UL>

<P><STRONG><a name="[e5]"></a>do_power_monitor</STRONG> (Thumb, 106 bytes, Stack size 16 bytes, robot.o(.text))
<BR><BR>[Stack]<UL><LI>Max Depth = 68<LI>Call Chain = do_power_monitor &rArr; is_power_low &rArr; get_bat_v &rArr; ADC_RegularChannelConfig
</UL>
<BR>[Calls]<UL><LI><a href="#[102]">&gt;&gt;</a>&nbsp;&nbsp;&nbsp;is_power_low
<LI><a href="#[e1]">&gt;&gt;</a>&nbsp;&nbsp;&nbsp;get_cap_v
</UL>
<BR>[Called By]<UL><LI><a href="#[105]">&gt;&gt;</a>&nbsp;&nbsp;&nbsp;do_run
<LI><a href="#[e3]">&gt;&gt;</a>&nbsp;&nbsp;&nbsp;packet
</UL>

<P><STRONG><a name="[103]"></a>do_timer</STRONG> (Thumb, 48 bytes, Stack size 8 bytes, robot.o(.text))
<BR><BR>[Stack]<UL><LI>Max Depth = 88<LI>Call Chain = do_timer &rArr; update_motor &rArr; pid_step
</UL>
<BR>[Calls]<UL><LI><a href="#[104]">&gt;&gt;</a>&nbsp;&nbsp;&nbsp;update_motor
</UL>
<BR>[Called By]<UL><LI><a href="#[4d]">&gt;&gt;</a>&nbsp;&nbsp;&nbsp;SysTick_Handler
</UL>

<P><STRONG><a name="[105]"></a>do_run</STRONG> (Thumb, 1712 bytes, Stack size 0 bytes, robot.o(.text))
<BR><BR>[Stack]<UL><LI>Max Depth = 224<LI>Call Chain = do_run &rArr; do_joystick_packet &rArr; do_robot_command &rArr; do_acc_handle_move &rArr; __hardfp_ceil &rArr; __aeabi_cdrcmple
</UL>
<BR>[Calls]<UL><LI><a href="#[106]">&gt;&gt;</a>&nbsp;&nbsp;&nbsp;wait_ms
<LI><a href="#[118]">&gt;&gt;</a>&nbsp;&nbsp;&nbsp;update_shooter
<LI><a href="#[107]">&gt;&gt;</a>&nbsp;&nbsp;&nbsp;start_motor
<LI><a href="#[113]">&gt;&gt;</a>&nbsp;&nbsp;&nbsp;set_test_shooter
<LI><a href="#[10d]">&gt;&gt;</a>&nbsp;&nbsp;&nbsp;set_heart_led
<LI><a href="#[10b]">&gt;&gt;</a>&nbsp;&nbsp;&nbsp;do_shoot
<LI><a href="#[10a]">&gt;&gt;</a>&nbsp;&nbsp;&nbsp;do_move
<LI><a href="#[110]">&gt;&gt;</a>&nbsp;&nbsp;&nbsp;do_joystick_packet
<LI><a href="#[109]">&gt;&gt;</a>&nbsp;&nbsp;&nbsp;do_dribbler
<LI><a href="#[10e]">&gt;&gt;</a>&nbsp;&nbsp;&nbsp;do_comm
<LI><a href="#[10c]">&gt;&gt;</a>&nbsp;&nbsp;&nbsp;do_chip
<LI><a href="#[114]">&gt;&gt;</a>&nbsp;&nbsp;&nbsp;do_acc_handle_move
<LI><a href="#[108]">&gt;&gt;</a>&nbsp;&nbsp;&nbsp;check_timer
<LI><a href="#[10f]">&gt;&gt;</a>&nbsp;&nbsp;&nbsp;USBH_Process
<LI><a href="#[117]">&gt;&gt;</a>&nbsp;&nbsp;&nbsp;UNLOCK_FLASH_RDP
<LI><a href="#[111]">&gt;&gt;</a>&nbsp;&nbsp;&nbsp;Get_Motion_data
<LI><a href="#[116]">&gt;&gt;</a>&nbsp;&nbsp;&nbsp;AT_Set_device_name_code
<LI><a href="#[115]">&gt;&gt;</a>&nbsp;&nbsp;&nbsp;AT_Set_device_name_cmd
<LI><a href="#[112]">&gt;&gt;</a>&nbsp;&nbsp;&nbsp;gyro_control_calcuate
<LI><a href="#[e7]">&gt;&gt;</a>&nbsp;&nbsp;&nbsp;get_one_timer
<LI><a href="#[e5]">&gt;&gt;</a>&nbsp;&nbsp;&nbsp;do_power_monitor
<LI><a href="#[c9]">&gt;&gt;</a>&nbsp;&nbsp;&nbsp;start_nRF24L01_RX
</UL>
<BR>[Called By]<UL><LI><a href="#[be]">&gt;&gt;</a>&nbsp;&nbsp;&nbsp;main
</UL>

<P><STRONG><a name="[4d]"></a>SysTick_Handler</STRONG> (Thumb, 44 bytes, Stack size 8 bytes, robot.o(.text))
<BR><BR>[Stack]<UL><LI>Max Depth = 96<LI>Call Chain = SysTick_Handler &rArr; do_timer &rArr; update_motor &rArr; pid_step
</UL>
<BR>[Calls]<UL><LI><a href="#[11a]">&gt;&gt;</a>&nbsp;&nbsp;&nbsp;update_sys_timer
<LI><a href="#[119]">&gt;&gt;</a>&nbsp;&nbsp;&nbsp;feed_iwdog
<LI><a href="#[103]">&gt;&gt;</a>&nbsp;&nbsp;&nbsp;do_timer
</UL>
<BR>[Address Reference Count : 1]<UL><LI> startup_stm32f4xx.o(RESET)
</UL>
<P><STRONG><a name="[45]"></a>NMI_Handler</STRONG> (Thumb, 2 bytes, Stack size 0 bytes, stm32f4xx_it.o(.text))
<BR>[Address Reference Count : 1]<UL><LI> startup_stm32f4xx.o(RESET)
</UL>
<P><STRONG><a name="[46]"></a>HardFault_Handler</STRONG> (Thumb, 4 bytes, Stack size 0 bytes, stm32f4xx_it.o(.text))
<BR>[Address Reference Count : 1]<UL><LI> startup_stm32f4xx.o(RESET)
</UL>
<P><STRONG><a name="[47]"></a>MemManage_Handler</STRONG> (Thumb, 4 bytes, Stack size 0 bytes, stm32f4xx_it.o(.text))
<BR>[Address Reference Count : 1]<UL><LI> startup_stm32f4xx.o(RESET)
</UL>
<P><STRONG><a name="[48]"></a>BusFault_Handler</STRONG> (Thumb, 4 bytes, Stack size 0 bytes, stm32f4xx_it.o(.text))
<BR>[Address Reference Count : 1]<UL><LI> startup_stm32f4xx.o(RESET)
</UL>
<P><STRONG><a name="[49]"></a>UsageFault_Handler</STRONG> (Thumb, 4 bytes, Stack size 0 bytes, stm32f4xx_it.o(.text))
<BR>[Address Reference Count : 1]<UL><LI> startup_stm32f4xx.o(RESET)
</UL>
<P><STRONG><a name="[4a]"></a>SVC_Handler</STRONG> (Thumb, 2 bytes, Stack size 0 bytes, stm32f4xx_it.o(.text))
<BR>[Address Reference Count : 1]<UL><LI> startup_stm32f4xx.o(RESET)
</UL>
<P><STRONG><a name="[4b]"></a>DebugMon_Handler</STRONG> (Thumb, 2 bytes, Stack size 0 bytes, stm32f4xx_it.o(.text))
<BR>[Address Reference Count : 1]<UL><LI> startup_stm32f4xx.o(RESET)
</UL>
<P><STRONG><a name="[4c]"></a>PendSV_Handler</STRONG> (Thumb, 2 bytes, Stack size 0 bytes, stm32f4xx_it.o(.text))
<BR>[Address Reference Count : 1]<UL><LI> startup_stm32f4xx.o(RESET)
</UL>
<P><STRONG><a name="[91]"></a>OTG_FS_IRQHandler</STRONG> (Thumb, 24 bytes, Stack size 8 bytes, stm32f4xx_it.o(.text))
<BR><BR>[Stack]<UL><LI>Max Depth = 144<LI>Call Chain = OTG_FS_IRQHandler &rArr; USBD_OTG_ISR_Handler &rArr; DCD_HandleUsbReset_ISR &rArr; USB_OTG_FlushTxFifo &rArr; USB_OTG_BSP_uDelay &rArr; BSP_Delay &rArr; BSP_SetTime
</UL>
<BR>[Calls]<UL><LI><a href="#[11b]">&gt;&gt;</a>&nbsp;&nbsp;&nbsp;USBH_OTG_ISR_Handler
<LI><a href="#[11c]">&gt;&gt;</a>&nbsp;&nbsp;&nbsp;USBD_OTG_ISR_Handler
</UL>
<BR>[Address Reference Count : 1]<UL><LI> startup_stm32f4xx.o(RESET)
</UL>
<P><STRONG><a name="[a3]"></a>SystemInit</STRONG> (Thumb, 88 bytes, Stack size 8 bytes, system_stm32f4xx.o(.text))
<BR><BR>[Stack]<UL><LI>Max Depth = 20<LI>Call Chain = SystemInit &rArr; SetSysClock
</UL>
<BR>[Calls]<UL><LI><a href="#[11d]">&gt;&gt;</a>&nbsp;&nbsp;&nbsp;SetSysClock
</UL>
<BR>[Address Reference Count : 1]<UL><LI> startup_stm32f4xx.o(.text)
</UL>
<P><STRONG><a name="[31d]"></a>SystemCoreClockUpdate</STRONG> (Thumb, 174 bytes, Stack size 16 bytes, system_stm32f4xx.o(.text), UNUSED)

<P><STRONG><a name="[19b]"></a>init_wait_timer</STRONG> (Thumb, 32 bytes, Stack size 0 bytes, timer.o(.text))
<BR><BR>[Called By]<UL><LI><a href="#[199]">&gt;&gt;</a>&nbsp;&nbsp;&nbsp;init_sys
</UL>

<P><STRONG><a name="[11a]"></a>update_sys_timer</STRONG> (Thumb, 20 bytes, Stack size 0 bytes, timer.o(.text))
<BR><BR>[Called By]<UL><LI><a href="#[4d]">&gt;&gt;</a>&nbsp;&nbsp;&nbsp;SysTick_Handler
</UL>

<P><STRONG><a name="[106]"></a>wait_ms</STRONG> (Thumb, 46 bytes, Stack size 20 bytes, timer.o(.text))
<BR><BR>[Stack]<UL><LI>Max Depth = 20<LI>Call Chain = wait_ms
</UL>
<BR>[Called By]<UL><LI><a href="#[116]">&gt;&gt;</a>&nbsp;&nbsp;&nbsp;AT_Set_device_name_code
<LI><a href="#[115]">&gt;&gt;</a>&nbsp;&nbsp;&nbsp;AT_Set_device_name_cmd
<LI><a href="#[105]">&gt;&gt;</a>&nbsp;&nbsp;&nbsp;do_run
<LI><a href="#[166]">&gt;&gt;</a>&nbsp;&nbsp;&nbsp;AT_Set_notify_mode
<LI><a href="#[165]">&gt;&gt;</a>&nbsp;&nbsp;&nbsp;AT_Set_module_work_mode
<LI><a href="#[164]">&gt;&gt;</a>&nbsp;&nbsp;&nbsp;AT_Set_data_speed
<LI><a href="#[163]">&gt;&gt;</a>&nbsp;&nbsp;&nbsp;AT_Set_connect_mode
<LI><a href="#[162]">&gt;&gt;</a>&nbsp;&nbsp;&nbsp;AT_Set_Pio1_status
<LI><a href="#[161]">&gt;&gt;</a>&nbsp;&nbsp;&nbsp;AT_Set_baudrate
<LI><a href="#[15f]">&gt;&gt;</a>&nbsp;&nbsp;&nbsp;AT_Set_device_name
<LI><a href="#[15e]">&gt;&gt;</a>&nbsp;&nbsp;&nbsp;AT_test_mode
</UL>

<P><STRONG><a name="[cf]"></a>wait_us</STRONG> (Thumb, 42 bytes, Stack size 0 bytes, timer.o(.text))
<BR><BR>[Called By]<UL><LI><a href="#[11e]">&gt;&gt;</a>&nbsp;&nbsp;&nbsp;wait_ms_with_dis_int
<LI><a href="#[fa]">&gt;&gt;</a>&nbsp;&nbsp;&nbsp;read_dip_sw
<LI><a href="#[c6]">&gt;&gt;</a>&nbsp;&nbsp;&nbsp;wait_100us
<LI><a href="#[a1]">&gt;&gt;</a>&nbsp;&nbsp;&nbsp;send_nRF24L01_packet
<LI><a href="#[1a7]">&gt;&gt;</a>&nbsp;&nbsp;&nbsp;heart_led_spi_wr
<LI><a href="#[184]">&gt;&gt;</a>&nbsp;&nbsp;&nbsp;i2c_m_rd_byte
<LI><a href="#[181]">&gt;&gt;</a>&nbsp;&nbsp;&nbsp;m_probe_i2c_dev
<LI><a href="#[180]">&gt;&gt;</a>&nbsp;&nbsp;&nbsp;i2c_m_read_dat
<LI><a href="#[17f]">&gt;&gt;</a>&nbsp;&nbsp;&nbsp;i2c_m_send_dat
<LI><a href="#[17e]">&gt;&gt;</a>&nbsp;&nbsp;&nbsp;i2c_ack
<LI><a href="#[17d]">&gt;&gt;</a>&nbsp;&nbsp;&nbsp;i2c_rec_byte
<LI><a href="#[17c]">&gt;&gt;</a>&nbsp;&nbsp;&nbsp;i2c_send_byte
<LI><a href="#[17b]">&gt;&gt;</a>&nbsp;&nbsp;&nbsp;is_i2c_ack
<LI><a href="#[17a]">&gt;&gt;</a>&nbsp;&nbsp;&nbsp;i2c_sta
<LI><a href="#[178]">&gt;&gt;</a>&nbsp;&nbsp;&nbsp;i2c_stop
</UL>

<P><STRONG><a name="[c6]"></a>wait_100us</STRONG> (Thumb, 22 bytes, Stack size 4 bytes, timer.o(.text))
<BR><BR>[Stack]<UL><LI>Max Depth = 4<LI>Call Chain = wait_100us
</UL>
<BR>[Calls]<UL><LI><a href="#[cf]">&gt;&gt;</a>&nbsp;&nbsp;&nbsp;wait_us
</UL>
<BR>[Called By]<UL><LI><a href="#[a2]">&gt;&gt;</a>&nbsp;&nbsp;&nbsp;nrf24l01_init
</UL>

<P><STRONG><a name="[11e]"></a>wait_ms_with_dis_int</STRONG> (Thumb, 26 bytes, Stack size 8 bytes, timer.o(.text))
<BR><BR>[Stack]<UL><LI>Max Depth = 8<LI>Call Chain = wait_ms_with_dis_int
</UL>
<BR>[Calls]<UL><LI><a href="#[cf]">&gt;&gt;</a>&nbsp;&nbsp;&nbsp;wait_us
</UL>
<BR>[Called By]<UL><LI><a href="#[f1]">&gt;&gt;</a>&nbsp;&nbsp;&nbsp;high_size_eeprom_wr
<LI><a href="#[182]">&gt;&gt;</a>&nbsp;&nbsp;&nbsp;low_size_eeprom_wr
</UL>

<P><STRONG><a name="[11f]"></a>get_sys_tick</STRONG> (Thumb, 16 bytes, Stack size 0 bytes, timer.o(.text))
<BR><BR>[Called By]<UL><LI><a href="#[110]">&gt;&gt;</a>&nbsp;&nbsp;&nbsp;do_joystick_packet
<LI><a href="#[108]">&gt;&gt;</a>&nbsp;&nbsp;&nbsp;check_timer
<LI><a href="#[116]">&gt;&gt;</a>&nbsp;&nbsp;&nbsp;AT_Set_device_name_code
<LI><a href="#[115]">&gt;&gt;</a>&nbsp;&nbsp;&nbsp;AT_Set_device_name_cmd
<LI><a href="#[e7]">&gt;&gt;</a>&nbsp;&nbsp;&nbsp;get_one_timer
<LI><a href="#[166]">&gt;&gt;</a>&nbsp;&nbsp;&nbsp;AT_Set_notify_mode
<LI><a href="#[165]">&gt;&gt;</a>&nbsp;&nbsp;&nbsp;AT_Set_module_work_mode
<LI><a href="#[164]">&gt;&gt;</a>&nbsp;&nbsp;&nbsp;AT_Set_data_speed
<LI><a href="#[163]">&gt;&gt;</a>&nbsp;&nbsp;&nbsp;AT_Set_connect_mode
<LI><a href="#[162]">&gt;&gt;</a>&nbsp;&nbsp;&nbsp;AT_Set_Pio1_status
<LI><a href="#[161]">&gt;&gt;</a>&nbsp;&nbsp;&nbsp;AT_Set_baudrate
<LI><a href="#[15f]">&gt;&gt;</a>&nbsp;&nbsp;&nbsp;AT_Set_device_name
<LI><a href="#[15e]">&gt;&gt;</a>&nbsp;&nbsp;&nbsp;AT_test_mode
</UL>

<P><STRONG><a name="[e7]"></a>get_one_timer</STRONG> (Thumb, 16 bytes, Stack size 8 bytes, timer.o(.text))
<BR><BR>[Stack]<UL><LI>Max Depth = 8<LI>Call Chain = get_one_timer
</UL>
<BR>[Calls]<UL><LI><a href="#[11f]">&gt;&gt;</a>&nbsp;&nbsp;&nbsp;get_sys_tick
</UL>
<BR>[Called By]<UL><LI><a href="#[105]">&gt;&gt;</a>&nbsp;&nbsp;&nbsp;do_run
<LI><a href="#[ea]">&gt;&gt;</a>&nbsp;&nbsp;&nbsp;decode_identify_packet
<LI><a href="#[e6]">&gt;&gt;</a>&nbsp;&nbsp;&nbsp;decode_packet_robot
</UL>

<P><STRONG><a name="[108]"></a>check_timer</STRONG> (Thumb, 30 bytes, Stack size 20 bytes, timer.o(.text))
<BR><BR>[Stack]<UL><LI>Max Depth = 20<LI>Call Chain = check_timer
</UL>
<BR>[Calls]<UL><LI><a href="#[11f]">&gt;&gt;</a>&nbsp;&nbsp;&nbsp;get_sys_tick
</UL>
<BR>[Called By]<UL><LI><a href="#[105]">&gt;&gt;</a>&nbsp;&nbsp;&nbsp;do_run
</UL>

<P><STRONG><a name="[120]"></a>Init_com3</STRONG> (Thumb, 60 bytes, Stack size 24 bytes, usart_ble.o(.text))
<BR><BR>[Stack]<UL><LI>Max Depth = 92<LI>Call Chain = Init_com3 &rArr; USART_Init &rArr; RCC_GetClocksFreq
</UL>
<BR>[Calls]<UL><LI><a href="#[121]">&gt;&gt;</a>&nbsp;&nbsp;&nbsp;USART_Init
<LI><a href="#[122]">&gt;&gt;</a>&nbsp;&nbsp;&nbsp;USART_ITConfig
<LI><a href="#[123]">&gt;&gt;</a>&nbsp;&nbsp;&nbsp;USART_Cmd
</UL>
<BR>[Called By]<UL><LI><a href="#[199]">&gt;&gt;</a>&nbsp;&nbsp;&nbsp;init_sys
</UL>

<P><STRONG><a name="[124]"></a>SendString_USART3</STRONG> (Thumb, 52 bytes, Stack size 8 bytes, usart_ble.o(.text))
<BR><BR>[Stack]<UL><LI>Max Depth = 8<LI>Call Chain = SendString_USART3
</UL>
<BR>[Calls]<UL><LI><a href="#[126]">&gt;&gt;</a>&nbsp;&nbsp;&nbsp;USART_SendData
<LI><a href="#[125]">&gt;&gt;</a>&nbsp;&nbsp;&nbsp;USART_GetFlagStatus
</UL>
<BR>[Called By]<UL><LI><a href="#[116]">&gt;&gt;</a>&nbsp;&nbsp;&nbsp;AT_Set_device_name_code
<LI><a href="#[115]">&gt;&gt;</a>&nbsp;&nbsp;&nbsp;AT_Set_device_name_cmd
<LI><a href="#[166]">&gt;&gt;</a>&nbsp;&nbsp;&nbsp;AT_Set_notify_mode
<LI><a href="#[165]">&gt;&gt;</a>&nbsp;&nbsp;&nbsp;AT_Set_module_work_mode
<LI><a href="#[164]">&gt;&gt;</a>&nbsp;&nbsp;&nbsp;AT_Set_data_speed
<LI><a href="#[163]">&gt;&gt;</a>&nbsp;&nbsp;&nbsp;AT_Set_connect_mode
<LI><a href="#[162]">&gt;&gt;</a>&nbsp;&nbsp;&nbsp;AT_Set_Pio1_status
<LI><a href="#[161]">&gt;&gt;</a>&nbsp;&nbsp;&nbsp;AT_Set_baudrate
<LI><a href="#[15f]">&gt;&gt;</a>&nbsp;&nbsp;&nbsp;AT_Set_device_name
<LI><a href="#[15e]">&gt;&gt;</a>&nbsp;&nbsp;&nbsp;AT_test_mode
</UL>

<P><STRONG><a name="[127]"></a>SendChar_USART3</STRONG> (Thumb, 58 bytes, Stack size 16 bytes, usart_ble.o(.text), UNUSED)
<BR><BR>[Calls]<UL><LI><a href="#[126]">&gt;&gt;</a>&nbsp;&nbsp;&nbsp;USART_SendData
<LI><a href="#[125]">&gt;&gt;</a>&nbsp;&nbsp;&nbsp;USART_GetFlagStatus
</UL>

<P><STRONG><a name="[128]"></a>get_uart_ble_ack_packet</STRONG> (Thumb, 184 bytes, Stack size 48 bytes, usart_ble.o(.text))
<BR><BR>[Stack]<UL><LI>Max Depth = 52<LI>Call Chain = get_uart_ble_ack_packet &rArr; __aeabi_memclr4
</UL>
<BR>[Calls]<UL><LI><a href="#[f3]">&gt;&gt;</a>&nbsp;&nbsp;&nbsp;__aeabi_memclr4
<LI><a href="#[129]">&gt;&gt;</a>&nbsp;&nbsp;&nbsp;__aeabi_memcpy
</UL>
<BR>[Called By]<UL><LI><a href="#[149]">&gt;&gt;</a>&nbsp;&nbsp;&nbsp;hm_bluetooth_connect_status
<LI><a href="#[116]">&gt;&gt;</a>&nbsp;&nbsp;&nbsp;AT_Set_device_name_code
<LI><a href="#[115]">&gt;&gt;</a>&nbsp;&nbsp;&nbsp;AT_Set_device_name_cmd
<LI><a href="#[166]">&gt;&gt;</a>&nbsp;&nbsp;&nbsp;AT_Set_notify_mode
<LI><a href="#[165]">&gt;&gt;</a>&nbsp;&nbsp;&nbsp;AT_Set_module_work_mode
<LI><a href="#[164]">&gt;&gt;</a>&nbsp;&nbsp;&nbsp;AT_Set_data_speed
<LI><a href="#[163]">&gt;&gt;</a>&nbsp;&nbsp;&nbsp;AT_Set_connect_mode
<LI><a href="#[162]">&gt;&gt;</a>&nbsp;&nbsp;&nbsp;AT_Set_Pio1_status
<LI><a href="#[161]">&gt;&gt;</a>&nbsp;&nbsp;&nbsp;AT_Set_baudrate
<LI><a href="#[15f]">&gt;&gt;</a>&nbsp;&nbsp;&nbsp;AT_Set_device_name
<LI><a href="#[15e]">&gt;&gt;</a>&nbsp;&nbsp;&nbsp;AT_test_mode
</UL>

<P><STRONG><a name="[12a]"></a>get_uart_ble_packet</STRONG> (Thumb, 158 bytes, Stack size 48 bytes, usart_ble.o(.text))
<BR><BR>[Stack]<UL><LI>Max Depth = 48<LI>Call Chain = get_uart_ble_packet
</UL>
<BR>[Calls]<UL><LI><a href="#[129]">&gt;&gt;</a>&nbsp;&nbsp;&nbsp;__aeabi_memcpy
</UL>
<BR>[Called By]<UL><LI><a href="#[10e]">&gt;&gt;</a>&nbsp;&nbsp;&nbsp;do_comm
</UL>

<P><STRONG><a name="[75]"></a>USART3_IRQHandler</STRONG> (Thumb, 90 bytes, Stack size 8 bytes, usart_ble.o(.text))
<BR><BR>[Stack]<UL><LI>Max Depth = 24<LI>Call Chain = USART3_IRQHandler &rArr; USART_GetITStatus
</UL>
<BR>[Calls]<UL><LI><a href="#[12c]">&gt;&gt;</a>&nbsp;&nbsp;&nbsp;USART_ReceiveData
<LI><a href="#[12b]">&gt;&gt;</a>&nbsp;&nbsp;&nbsp;USART_GetITStatus
<LI><a href="#[12d]">&gt;&gt;</a>&nbsp;&nbsp;&nbsp;USART_ClearFlag
</UL>
<BR>[Address Reference Count : 1]<UL><LI> startup_stm32f4xx.o(RESET)
</UL>
<P><STRONG><a name="[118]"></a>update_shooter</STRONG> (Thumb, 56 bytes, Stack size 0 bytes, action.o(.text))
<BR><BR>[Called By]<UL><LI><a href="#[105]">&gt;&gt;</a>&nbsp;&nbsp;&nbsp;do_run
</UL>

<P><STRONG><a name="[113]"></a>set_test_shooter</STRONG> (Thumb, 24 bytes, Stack size 0 bytes, action.o(.text))
<BR><BR>[Called By]<UL><LI><a href="#[105]">&gt;&gt;</a>&nbsp;&nbsp;&nbsp;do_run
</UL>

<P><STRONG><a name="[12e]"></a>shooter_off</STRONG> (Thumb, 36 bytes, Stack size 8 bytes, action.o(.text))
<BR><BR>[Stack]<UL><LI>Max Depth = 28<LI>Call Chain = shooter_off &rArr; shoot_off &rArr; TIM_CCxCmd
</UL>
<BR>[Calls]<UL><LI><a href="#[12f]">&gt;&gt;</a>&nbsp;&nbsp;&nbsp;shoot_off
<LI><a href="#[130]">&gt;&gt;</a>&nbsp;&nbsp;&nbsp;chip_off
</UL>
<BR>[Called By]<UL><LI><a href="#[100]">&gt;&gt;</a>&nbsp;&nbsp;&nbsp;init_shooter
</UL>

<P><STRONG><a name="[131]"></a>set_shooter</STRONG> (Thumb, 122 bytes, Stack size 16 bytes, action.o(.text))
<BR><BR>[Stack]<UL><LI>Max Depth = 36<LI>Call Chain = set_shooter &rArr; shoot_on &rArr; TIM_CCxCmd
</UL>
<BR>[Calls]<UL><LI><a href="#[132]">&gt;&gt;</a>&nbsp;&nbsp;&nbsp;shoot_on
<LI><a href="#[12f]">&gt;&gt;</a>&nbsp;&nbsp;&nbsp;shoot_off
<LI><a href="#[133]">&gt;&gt;</a>&nbsp;&nbsp;&nbsp;chip_on
<LI><a href="#[130]">&gt;&gt;</a>&nbsp;&nbsp;&nbsp;chip_off
</UL>
<BR>[Called By]<UL><LI><a href="#[134]">&gt;&gt;</a>&nbsp;&nbsp;&nbsp;infra_handle
<LI><a href="#[10b]">&gt;&gt;</a>&nbsp;&nbsp;&nbsp;do_shoot
<LI><a href="#[10c]">&gt;&gt;</a>&nbsp;&nbsp;&nbsp;do_chip
</UL>

<P><STRONG><a name="[100]"></a>init_shooter</STRONG> (Thumb, 10 bytes, Stack size 8 bytes, action.o(.text))
<BR><BR>[Stack]<UL><LI>Max Depth = 36<LI>Call Chain = init_shooter &rArr; shooter_off &rArr; shoot_off &rArr; TIM_CCxCmd
</UL>
<BR>[Calls]<UL><LI><a href="#[12e]">&gt;&gt;</a>&nbsp;&nbsp;&nbsp;shooter_off
</UL>
<BR>[Called By]<UL><LI><a href="#[f9]">&gt;&gt;</a>&nbsp;&nbsp;&nbsp;init_robot
</UL>

<P><STRONG><a name="[134]"></a>infra_handle</STRONG> (Thumb, 122 bytes, Stack size 8 bytes, action.o(.text))
<BR><BR>[Stack]<UL><LI>Max Depth = 44<LI>Call Chain = infra_handle &rArr; set_shooter &rArr; shoot_on &rArr; TIM_CCxCmd
</UL>
<BR>[Calls]<UL><LI><a href="#[131]">&gt;&gt;</a>&nbsp;&nbsp;&nbsp;set_shooter
</UL>
<BR>[Called By]<UL><LI><a href="#[54]">&gt;&gt;</a>&nbsp;&nbsp;&nbsp;EXTI0_IRQHandler
</UL>

<P><STRONG><a name="[109]"></a>do_dribbler</STRONG> (Thumb, 230 bytes, Stack size 40 bytes, action.o(.text))
<BR><BR>[Stack]<UL><LI>Max Depth = 72<LI>Call Chain = do_dribbler &rArr; __aeabi_dmul
</UL>
<BR>[Calls]<UL><LI><a href="#[138]">&gt;&gt;</a>&nbsp;&nbsp;&nbsp;set_dribbler
<LI><a href="#[136]">&gt;&gt;</a>&nbsp;&nbsp;&nbsp;__aeabi_dmul
<LI><a href="#[135]">&gt;&gt;</a>&nbsp;&nbsp;&nbsp;__aeabi_ui2d
<LI><a href="#[137]">&gt;&gt;</a>&nbsp;&nbsp;&nbsp;__aeabi_d2uiz
</UL>
<BR>[Called By]<UL><LI><a href="#[141]">&gt;&gt;</a>&nbsp;&nbsp;&nbsp;do_robot_command
<LI><a href="#[140]">&gt;&gt;</a>&nbsp;&nbsp;&nbsp;on_robot_command
<LI><a href="#[105]">&gt;&gt;</a>&nbsp;&nbsp;&nbsp;do_run
</UL>

<P><STRONG><a name="[10a]"></a>do_move</STRONG> (Thumb, 214 bytes, Stack size 40 bytes, action.o(.text))
<BR><BR>[Stack]<UL><LI>Max Depth = 40<LI>Call Chain = do_move
</UL>
<BR>[Calls]<UL><LI><a href="#[139]">&gt;&gt;</a>&nbsp;&nbsp;&nbsp;V2N
</UL>
<BR>[Called By]<UL><LI><a href="#[114]">&gt;&gt;</a>&nbsp;&nbsp;&nbsp;do_acc_handle_move
<LI><a href="#[105]">&gt;&gt;</a>&nbsp;&nbsp;&nbsp;do_run
</UL>

<P><STRONG><a name="[114]"></a>do_acc_handle_move</STRONG> (Thumb, 454 bytes, Stack size 64 bytes, action.o(.text))
<BR><BR>[Stack]<UL><LI>Max Depth = 120<LI>Call Chain = do_acc_handle_move &rArr; __hardfp_ceil &rArr; __aeabi_cdrcmple
</UL>
<BR>[Calls]<UL><LI><a href="#[10a]">&gt;&gt;</a>&nbsp;&nbsp;&nbsp;do_move
<LI><a href="#[13a]">&gt;&gt;</a>&nbsp;&nbsp;&nbsp;__hardfp_ceil
<LI><a href="#[fc]">&gt;&gt;</a>&nbsp;&nbsp;&nbsp;__aeabi_f2d
<LI><a href="#[13b]">&gt;&gt;</a>&nbsp;&nbsp;&nbsp;__aeabi_d2iz
</UL>
<BR>[Called By]<UL><LI><a href="#[141]">&gt;&gt;</a>&nbsp;&nbsp;&nbsp;do_robot_command
<LI><a href="#[140]">&gt;&gt;</a>&nbsp;&nbsp;&nbsp;on_robot_command
<LI><a href="#[105]">&gt;&gt;</a>&nbsp;&nbsp;&nbsp;do_run
</UL>

<P><STRONG><a name="[10b]"></a>do_shoot</STRONG> (Thumb, 62 bytes, Stack size 16 bytes, action.o(.text))
<BR><BR>[Stack]<UL><LI>Max Depth = 52<LI>Call Chain = do_shoot &rArr; set_shooter &rArr; shoot_on &rArr; TIM_CCxCmd
</UL>
<BR>[Calls]<UL><LI><a href="#[13f]">&gt;&gt;</a>&nbsp;&nbsp;&nbsp;stop_ball_dect_int
<LI><a href="#[13e]">&gt;&gt;</a>&nbsp;&nbsp;&nbsp;start_ball_dect_int
<LI><a href="#[13c]">&gt;&gt;</a>&nbsp;&nbsp;&nbsp;EXTI_ClearFlag
<LI><a href="#[131]">&gt;&gt;</a>&nbsp;&nbsp;&nbsp;set_shooter
<LI><a href="#[13d]">&gt;&gt;</a>&nbsp;&nbsp;&nbsp;NVIC_ClearPendingIRQ
<LI><a href="#[e4]">&gt;&gt;</a>&nbsp;&nbsp;&nbsp;is_ball_detected
</UL>
<BR>[Called By]<UL><LI><a href="#[141]">&gt;&gt;</a>&nbsp;&nbsp;&nbsp;do_robot_command
<LI><a href="#[140]">&gt;&gt;</a>&nbsp;&nbsp;&nbsp;on_robot_command
<LI><a href="#[105]">&gt;&gt;</a>&nbsp;&nbsp;&nbsp;do_run
</UL>

<P><STRONG><a name="[10c]"></a>do_chip</STRONG> (Thumb, 60 bytes, Stack size 16 bytes, action.o(.text))
<BR><BR>[Stack]<UL><LI>Max Depth = 52<LI>Call Chain = do_chip &rArr; set_shooter &rArr; shoot_on &rArr; TIM_CCxCmd
</UL>
<BR>[Calls]<UL><LI><a href="#[13f]">&gt;&gt;</a>&nbsp;&nbsp;&nbsp;stop_ball_dect_int
<LI><a href="#[13e]">&gt;&gt;</a>&nbsp;&nbsp;&nbsp;start_ball_dect_int
<LI><a href="#[13c]">&gt;&gt;</a>&nbsp;&nbsp;&nbsp;EXTI_ClearFlag
<LI><a href="#[131]">&gt;&gt;</a>&nbsp;&nbsp;&nbsp;set_shooter
<LI><a href="#[13d]">&gt;&gt;</a>&nbsp;&nbsp;&nbsp;NVIC_ClearPendingIRQ
<LI><a href="#[e4]">&gt;&gt;</a>&nbsp;&nbsp;&nbsp;is_ball_detected
</UL>
<BR>[Called By]<UL><LI><a href="#[141]">&gt;&gt;</a>&nbsp;&nbsp;&nbsp;do_robot_command
<LI><a href="#[140]">&gt;&gt;</a>&nbsp;&nbsp;&nbsp;on_robot_command
<LI><a href="#[105]">&gt;&gt;</a>&nbsp;&nbsp;&nbsp;do_run
</UL>

<P><STRONG><a name="[140]"></a>on_robot_command</STRONG> (Thumb, 104 bytes, Stack size 8 bytes, action.o(.text))
<BR><BR>[Stack]<UL><LI>Max Depth = 128<LI>Call Chain = on_robot_command &rArr; do_acc_handle_move &rArr; __hardfp_ceil &rArr; __aeabi_cdrcmple
</UL>
<BR>[Calls]<UL><LI><a href="#[10b]">&gt;&gt;</a>&nbsp;&nbsp;&nbsp;do_shoot
<LI><a href="#[109]">&gt;&gt;</a>&nbsp;&nbsp;&nbsp;do_dribbler
<LI><a href="#[10c]">&gt;&gt;</a>&nbsp;&nbsp;&nbsp;do_chip
<LI><a href="#[114]">&gt;&gt;</a>&nbsp;&nbsp;&nbsp;do_acc_handle_move
</UL>
<BR>[Called By]<UL><LI><a href="#[145]">&gt;&gt;</a>&nbsp;&nbsp;&nbsp;do_packet_process
</UL>

<P><STRONG><a name="[141]"></a>do_robot_command</STRONG> (Thumb, 98 bytes, Stack size 8 bytes, action.o(.text))
<BR><BR>[Stack]<UL><LI>Max Depth = 128<LI>Call Chain = do_robot_command &rArr; do_acc_handle_move &rArr; __hardfp_ceil &rArr; __aeabi_cdrcmple
</UL>
<BR>[Calls]<UL><LI><a href="#[10b]">&gt;&gt;</a>&nbsp;&nbsp;&nbsp;do_shoot
<LI><a href="#[109]">&gt;&gt;</a>&nbsp;&nbsp;&nbsp;do_dribbler
<LI><a href="#[10c]">&gt;&gt;</a>&nbsp;&nbsp;&nbsp;do_chip
<LI><a href="#[114]">&gt;&gt;</a>&nbsp;&nbsp;&nbsp;do_acc_handle_move
</UL>
<BR>[Called By]<UL><LI><a href="#[110]">&gt;&gt;</a>&nbsp;&nbsp;&nbsp;do_joystick_packet
</UL>

<P><STRONG><a name="[54]"></a>EXTI0_IRQHandler</STRONG> (Thumb, 8 bytes, Stack size 8 bytes, action.o(.text))
<BR><BR>[Stack]<UL><LI>Max Depth = 52<LI>Call Chain = EXTI0_IRQHandler &rArr; infra_handle &rArr; set_shooter &rArr; shoot_on &rArr; TIM_CCxCmd
</UL>
<BR>[Calls]<UL><LI><a href="#[134]">&gt;&gt;</a>&nbsp;&nbsp;&nbsp;infra_handle
</UL>
<BR>[Address Reference Count : 1]<UL><LI> startup_stm32f4xx.o(RESET)
</UL>
<P><STRONG><a name="[142]"></a>init_comm</STRONG> (Thumb, 52 bytes, Stack size 8 bytes, comm.o(.text))
<BR><BR>[Stack]<UL><LI>Max Depth = 80<LI>Call Chain = init_comm &rArr; nrf24l01_init &rArr; L01_SetRXAddr &rArr; L01_WriteMultiReg &rArr; nrf_spi_wr_rd
</UL>
<BR>[Calls]<UL><LI><a href="#[c9]">&gt;&gt;</a>&nbsp;&nbsp;&nbsp;start_nRF24L01_RX
<LI><a href="#[143]">&gt;&gt;</a>&nbsp;&nbsp;&nbsp;set_receive_flag
<LI><a href="#[a2]">&gt;&gt;</a>&nbsp;&nbsp;&nbsp;nrf24l01_init
</UL>
<BR>[Called By]<UL><LI><a href="#[199]">&gt;&gt;</a>&nbsp;&nbsp;&nbsp;init_sys
</UL>

<P><STRONG><a name="[144]"></a>do_comm_up</STRONG> (Thumb, 416 bytes, Stack size 16 bytes, comm.o(.text))
<BR><BR>[Stack]<UL><LI>Max Depth = 92<LI>Call Chain = do_comm_up &rArr; packet &rArr; do_power_monitor &rArr; is_power_low &rArr; get_bat_v &rArr; ADC_RegularChannelConfig
</UL>
<BR>[Calls]<UL><LI><a href="#[e3]">&gt;&gt;</a>&nbsp;&nbsp;&nbsp;packet
<LI><a href="#[df]">&gt;&gt;</a>&nbsp;&nbsp;&nbsp;stop_mode_packet
<LI><a href="#[eb]">&gt;&gt;</a>&nbsp;&nbsp;&nbsp;__aeabi_memclr
</UL>
<BR>[Called By]<UL><LI><a href="#[145]">&gt;&gt;</a>&nbsp;&nbsp;&nbsp;do_packet_process
</UL>

<P><STRONG><a name="[145]"></a>do_packet_process</STRONG> (Thumb, 114 bytes, Stack size 40 bytes, comm.o(.text))
<BR><BR>[Stack]<UL><LI>Max Depth = 168<LI>Call Chain = do_packet_process &rArr; on_robot_command &rArr; do_acc_handle_move &rArr; __hardfp_ceil &rArr; __aeabi_cdrcmple
</UL>
<BR>[Calls]<UL><LI><a href="#[144]">&gt;&gt;</a>&nbsp;&nbsp;&nbsp;do_comm_up
<LI><a href="#[140]">&gt;&gt;</a>&nbsp;&nbsp;&nbsp;on_robot_command
<LI><a href="#[ea]">&gt;&gt;</a>&nbsp;&nbsp;&nbsp;decode_identify_packet
<LI><a href="#[e6]">&gt;&gt;</a>&nbsp;&nbsp;&nbsp;decode_packet_robot
<LI><a href="#[146]">&gt;&gt;</a>&nbsp;&nbsp;&nbsp;get_packet_type
<LI><a href="#[f3]">&gt;&gt;</a>&nbsp;&nbsp;&nbsp;__aeabi_memclr4
</UL>
<BR>[Called By]<UL><LI><a href="#[10e]">&gt;&gt;</a>&nbsp;&nbsp;&nbsp;do_comm
</UL>

<P><STRONG><a name="[10e]"></a>do_comm</STRONG> (Thumb, 146 bytes, Stack size 8 bytes, comm.o(.text))
<BR><BR>[Stack]<UL><LI>Max Depth = 176<LI>Call Chain = do_comm &rArr; do_packet_process &rArr; on_robot_command &rArr; do_acc_handle_move &rArr; __hardfp_ceil &rArr; __aeabi_cdrcmple
</UL>
<BR>[Calls]<UL><LI><a href="#[149]">&gt;&gt;</a>&nbsp;&nbsp;&nbsp;hm_bluetooth_connect_status
<LI><a href="#[145]">&gt;&gt;</a>&nbsp;&nbsp;&nbsp;do_packet_process
<LI><a href="#[12a]">&gt;&gt;</a>&nbsp;&nbsp;&nbsp;get_uart_ble_packet
<LI><a href="#[d0]">&gt;&gt;</a>&nbsp;&nbsp;&nbsp;clr_receive_flag
<LI><a href="#[147]">&gt;&gt;</a>&nbsp;&nbsp;&nbsp;get_receive_flag
<LI><a href="#[148]">&gt;&gt;</a>&nbsp;&nbsp;&nbsp;__aeabi_memcpy4
<LI><a href="#[129]">&gt;&gt;</a>&nbsp;&nbsp;&nbsp;__aeabi_memcpy
</UL>
<BR>[Called By]<UL><LI><a href="#[105]">&gt;&gt;</a>&nbsp;&nbsp;&nbsp;do_run
</UL>

<P><STRONG><a name="[110]"></a>do_joystick_packet</STRONG> (Thumb, 936 bytes, Stack size 96 bytes, comm.o(.text))
<BR><BR>[Stack]<UL><LI>Max Depth = 224<LI>Call Chain = do_joystick_packet &rArr; do_robot_command &rArr; do_acc_handle_move &rArr; __hardfp_ceil &rArr; __aeabi_cdrcmple
</UL>
<BR>[Calls]<UL><LI><a href="#[141]">&gt;&gt;</a>&nbsp;&nbsp;&nbsp;do_robot_command
<LI><a href="#[11f]">&gt;&gt;</a>&nbsp;&nbsp;&nbsp;get_sys_tick
</UL>
<BR>[Called By]<UL><LI><a href="#[105]">&gt;&gt;</a>&nbsp;&nbsp;&nbsp;do_run
</UL>

<P><STRONG><a name="[14f]"></a>des_crypt56</STRONG> (Thumb, 270 bytes, Stack size 224 bytes, cpuid_des.o(.text), UNUSED)
<BR><BR>[Calls]<UL><LI><a href="#[150]">&gt;&gt;</a>&nbsp;&nbsp;&nbsp;str_to_key
<LI><a href="#[14a]">&gt;&gt;</a>&nbsp;&nbsp;&nbsp;dohash
</UL>
<BR>[Called By]<UL><LI><a href="#[151]">&gt;&gt;</a>&nbsp;&nbsp;&nbsp;encrypt_CPUID
</UL>

<P><STRONG><a name="[151]"></a>encrypt_CPUID</STRONG> (Thumb, 128 bytes, Stack size 64 bytes, cpuid_des.o(.text), UNUSED)
<BR><BR>[Calls]<UL><LI><a href="#[14f]">&gt;&gt;</a>&nbsp;&nbsp;&nbsp;des_crypt56
<LI><a href="#[129]">&gt;&gt;</a>&nbsp;&nbsp;&nbsp;__aeabi_memcpy
</UL>
<BR>[Called By]<UL><LI><a href="#[190]">&gt;&gt;</a>&nbsp;&nbsp;&nbsp;calcute_encrpty_cpuid
</UL>

<P><STRONG><a name="[152]"></a>byte2str</STRONG> (Thumb, 48 bytes, Stack size 16 bytes, cpuid_des.o(.text), UNUSED)
<BR><BR>[Calls]<UL><LI><a href="#[153]">&gt;&gt;</a>&nbsp;&nbsp;&nbsp;__2sprintf
[...]
<BR><BR>[Stack]<UL><LI>Max Depth = 96<LI>Call Chain = USB_OTG_USBH_handle_hc_ISR &rArr; USB_OTG_USBH_handle_hc_n_In_ISR &rArr; USB_OTG_HC_Halt
</UL>
<BR>[Calls]<UL><LI><a href="#[273]">&gt;&gt;</a>&nbsp;&nbsp;&nbsp;USB_OTG_USBH_handle_hc_n_In_ISR
<LI><a href="#[271]">&gt;&gt;</a>&nbsp;&nbsp;&nbsp;USB_OTG_USBH_handle_hc_n_Out_ISR
<LI><a href="#[275]">&gt;&gt;</a>&nbsp;&nbsp;&nbsp;USB_OTG_ReadHostAllChannels_intr
</UL>
<BR>[Called By]<UL><LI><a href="#[11b]">&gt;&gt;</a>&nbsp;&nbsp;&nbsp;USBH_OTG_ISR_Handler
</UL>

<P><STRONG><a name="[276]"></a>USB_OTG_USBH_handle_ptxfempty_ISR</STRONG> (Thumb, 302 bytes, Stack size 32 bytes, usb_hcd_int.o(.text))
<BR><BR>[Stack]<UL><LI>Max Depth = 56<LI>Call Chain = USB_OTG_USBH_handle_ptxfempty_ISR &rArr; USB_OTG_WritePacket
</UL>
<BR>[Calls]<UL><LI><a href="#[261]">&gt;&gt;</a>&nbsp;&nbsp;&nbsp;USB_OTG_WritePacket
</UL>
<BR>[Called By]<UL><LI><a href="#[11b]">&gt;&gt;</a>&nbsp;&nbsp;&nbsp;USBH_OTG_ISR_Handler
</UL>

<P><STRONG><a name="[277]"></a>USB_OTG_USBH_handle_nptxfempty_ISR</STRONG> (Thumb, 302 bytes, Stack size 32 bytes, usb_hcd_int.o(.text))
<BR><BR>[Stack]<UL><LI>Max Depth = 56<LI>Call Chain = USB_OTG_USBH_handle_nptxfempty_ISR &rArr; USB_OTG_WritePacket
</UL>
<BR>[Calls]<UL><LI><a href="#[261]">&gt;&gt;</a>&nbsp;&nbsp;&nbsp;USB_OTG_WritePacket
</UL>
<BR>[Called By]<UL><LI><a href="#[11b]">&gt;&gt;</a>&nbsp;&nbsp;&nbsp;USBH_OTG_ISR_Handler
</UL>

<P><STRONG><a name="[278]"></a>USB_OTG_USBH_handle_rx_qlvl_ISR</STRONG> (Thumb, 356 bytes, Stack size 32 bytes, usb_hcd_int.o(.text))
<BR><BR>[Stack]<UL><LI>Max Depth = 52<LI>Call Chain = USB_OTG_USBH_handle_rx_qlvl_ISR &rArr; USB_OTG_ReadPacket
</UL>
<BR>[Calls]<UL><LI><a href="#[279]">&gt;&gt;</a>&nbsp;&nbsp;&nbsp;USB_OTG_ReadPacket
</UL>
<BR>[Called By]<UL><LI><a href="#[11b]">&gt;&gt;</a>&nbsp;&nbsp;&nbsp;USBH_OTG_ISR_Handler
</UL>

<P><STRONG><a name="[27b]"></a>USB_OTG_USBH_handle_sof_ISR</STRONG> (Thumb, 38 bytes, Stack size 16 bytes, usb_hcd_int.o(.text))
<BR><BR>[Stack]<UL><LI>Max Depth = 16<LI>Call Chain = USB_OTG_USBH_handle_sof_ISR
</UL>
<BR>[Called By]<UL><LI><a href="#[11b]">&gt;&gt;</a>&nbsp;&nbsp;&nbsp;USBH_OTG_ISR_Handler
</UL>

<P><STRONG><a name="[35]"></a>USBD_SetupStage</STRONG> (Thumb, 84 bytes, Stack size 16 bytes, usbd_core.o(.text))
<BR><BR>[Stack]<UL><LI>Max Depth = 160<LI>Call Chain = USBD_SetupStage &rArr; USBD_StdDevReq &rArr; USBD_GetDescriptor &rArr; USBD_CtlSendData &rArr; DCD_EP_Tx &rArr; USB_OTG_EPStartXfer &rArr; USB_OTG_WritePacket
</UL>
<BR>[Calls]<UL><LI><a href="#[282]">&gt;&gt;</a>&nbsp;&nbsp;&nbsp;USBD_StdItfReq
<LI><a href="#[283]">&gt;&gt;</a>&nbsp;&nbsp;&nbsp;USBD_StdEPReq
<LI><a href="#[281]">&gt;&gt;</a>&nbsp;&nbsp;&nbsp;USBD_StdDevReq
<LI><a href="#[280]">&gt;&gt;</a>&nbsp;&nbsp;&nbsp;USBD_ParseSetupRequest
<LI><a href="#[284]">&gt;&gt;</a>&nbsp;&nbsp;&nbsp;DCD_EP_Stall
</UL>
<BR>[Address Reference Count : 1]<UL><LI> usbd_core.o(.data)
</UL>
<P><STRONG><a name="[33]"></a>USBD_DataOutStage</STRONG> (Thumb, 150 bytes, Stack size 16 bytes, usbd_core.o(.text))
<BR><BR>[Stack]<UL><LI>Max Depth = 120<LI>Call Chain = USBD_DataOutStage &rArr; USBD_CtlContinueRx &rArr; DCD_EP_PrepareRx &rArr; USB_OTG_EPStartXfer &rArr; USB_OTG_WritePacket
</UL>
<BR>[Calls]<UL><LI><a href="#[286]">&gt;&gt;</a>&nbsp;&nbsp;&nbsp;USBD_CtlSendStatus
<LI><a href="#[285]">&gt;&gt;</a>&nbsp;&nbsp;&nbsp;USBD_CtlContinueRx
</UL>
<BR>[Address Reference Count : 1]<UL><LI> usbd_core.o(.data)
</UL>
<P><STRONG><a name="[289]"></a>USBD_RunTestMode</STRONG> (Thumb, 14 bytes, Stack size 0 bytes, usbd_core.o(.text))
<BR><BR>[Called By]<UL><LI><a href="#[34]">&gt;&gt;</a>&nbsp;&nbsp;&nbsp;USBD_DataInStage
</UL>

<P><STRONG><a name="[34]"></a>USBD_DataInStage</STRONG> (Thumb, 208 bytes, Stack size 16 bytes, usbd_core.o(.text))
<BR><BR>[Stack]<UL><LI>Max Depth = 120<LI>Call Chain = USBD_DataInStage &rArr; USBD_CtlContinueSendData &rArr; DCD_EP_Tx &rArr; USB_OTG_EPStartXfer &rArr; USB_OTG_WritePacket
</UL>
<BR>[Calls]<UL><LI><a href="#[288]">&gt;&gt;</a>&nbsp;&nbsp;&nbsp;USBD_CtlReceiveStatus
<LI><a href="#[287]">&gt;&gt;</a>&nbsp;&nbsp;&nbsp;USBD_CtlContinueSendData
<LI><a href="#[289]">&gt;&gt;</a>&nbsp;&nbsp;&nbsp;USBD_RunTestMode
</UL>
<BR>[Address Reference Count : 1]<UL><LI> usbd_core.o(.data)
</UL>
<P><STRONG><a name="[37]"></a>USBD_Reset</STRONG> (Thumb, 50 bytes, Stack size 8 bytes, usbd_core.o(.text))
<BR><BR>[Stack]<UL><LI>Max Depth = 52<LI>Call Chain = USBD_Reset &rArr; DCD_EP_Open &rArr; USB_OTG_EPActivate
</UL>
<BR>[Calls]<UL><LI><a href="#[28a]">&gt;&gt;</a>&nbsp;&nbsp;&nbsp;DCD_EP_Open
</UL>
<BR>[Address Reference Count : 1]<UL><LI> usbd_core.o(.data)
</UL>
<P><STRONG><a name="[39]"></a>USBD_Resume</STRONG> (Thumb, 30 bytes, Stack size 8 bytes, usbd_core.o(.text))
<BR><BR>[Stack]<UL><LI>Max Depth = 8<LI>Call Chain = USBD_Resume
</UL>
<BR>[Address Reference Count : 1]<UL><LI> usbd_core.o(.data)
</UL>
<P><STRONG><a name="[38]"></a>USBD_Suspend</STRONG> (Thumb, 32 bytes, Stack size 8 bytes, usbd_core.o(.text))
<BR><BR>[Stack]<UL><LI>Max Depth = 8<LI>Call Chain = USBD_Suspend
</UL>
<BR>[Address Reference Count : 1]<UL><LI> usbd_core.o(.data)
</UL>
<P><STRONG><a name="[36]"></a>USBD_SOF</STRONG> (Thumb, 26 bytes, Stack size 8 bytes, usbd_core.o(.text))
<BR><BR>[Stack]<UL><LI>Max Depth = 8<LI>Call Chain = USBD_SOF
</UL>
<BR>[Address Reference Count : 1]<UL><LI> usbd_core.o(.data)
</UL>
<P><STRONG><a name="[3a]"></a>USBD_IsoINIncomplete</STRONG> (Thumb, 18 bytes, Stack size 8 bytes, usbd_core.o(.text))
<BR><BR>[Stack]<UL><LI>Max Depth = 8<LI>Call Chain = USBD_IsoINIncomplete
</UL>
<BR>[Address Reference Count : 1]<UL><LI> usbd_core.o(.data)
</UL>
<P><STRONG><a name="[3b]"></a>USBD_IsoOUTIncomplete</STRONG> (Thumb, 18 bytes, Stack size 8 bytes, usbd_core.o(.text))
<BR><BR>[Stack]<UL><LI>Max Depth = 8<LI>Call Chain = USBD_IsoOUTIncomplete
</UL>
<BR>[Address Reference Count : 1]<UL><LI> usbd_core.o(.data)
</UL>
<P><STRONG><a name="[291]"></a>USBD_ClrFeature</STRONG> (Thumb, 72 bytes, Stack size 16 bytes, usbd_req.o(.text))
<BR><BR>[Stack]<UL><LI>Max Depth = 112<LI>Call Chain = USBD_ClrFeature &rArr; USBD_CtlSendStatus &rArr; DCD_EP_Tx &rArr; USB_OTG_EPStartXfer &rArr; USB_OTG_WritePacket
</UL>
<BR>[Calls]<UL><LI><a href="#[290]">&gt;&gt;</a>&nbsp;&nbsp;&nbsp;USBD_CtlError
<LI><a href="#[286]">&gt;&gt;</a>&nbsp;&nbsp;&nbsp;USBD_CtlSendStatus
</UL>
<BR>[Called By]<UL><LI><a href="#[281]">&gt;&gt;</a>&nbsp;&nbsp;&nbsp;USBD_StdDevReq
</UL>

<P><STRONG><a name="[292]"></a>USBD_SetFeature</STRONG> (Thumb, 160 bytes, Stack size 24 bytes, usbd_req.o(.text))
<BR><BR>[Stack]<UL><LI>Max Depth = 120<LI>Call Chain = USBD_SetFeature &rArr; USBD_CtlSendStatus &rArr; DCD_EP_Tx &rArr; USB_OTG_EPStartXfer &rArr; USB_OTG_WritePacket
</UL>
<BR>[Calls]<UL><LI><a href="#[286]">&gt;&gt;</a>&nbsp;&nbsp;&nbsp;USBD_CtlSendStatus
</UL>
<BR>[Called By]<UL><LI><a href="#[281]">&gt;&gt;</a>&nbsp;&nbsp;&nbsp;USBD_StdDevReq
</UL>

<P><STRONG><a name="[293]"></a>USBD_GetStatus</STRONG> (Thumb, 74 bytes, Stack size 16 bytes, usbd_req.o(.text))
<BR><BR>[Stack]<UL><LI>Max Depth = 120<LI>Call Chain = USBD_GetStatus &rArr; USBD_CtlSendData &rArr; DCD_EP_Tx &rArr; USB_OTG_EPStartXfer &rArr; USB_OTG_WritePacket
</UL>
<BR>[Calls]<UL><LI><a href="#[290]">&gt;&gt;</a>&nbsp;&nbsp;&nbsp;USBD_CtlError
<LI><a href="#[28b]">&gt;&gt;</a>&nbsp;&nbsp;&nbsp;USBD_CtlSendData
</UL>
<BR>[Called By]<UL><LI><a href="#[281]">&gt;&gt;</a>&nbsp;&nbsp;&nbsp;USBD_StdDevReq
</UL>

<P><STRONG><a name="[294]"></a>USBD_GetConfig</STRONG> (Thumb, 78 bytes, Stack size 16 bytes, usbd_req.o(.text))
<BR><BR>[Stack]<UL><LI>Max Depth = 120<LI>Call Chain = USBD_GetConfig &rArr; USBD_CtlSendData &rArr; DCD_EP_Tx &rArr; USB_OTG_EPStartXfer &rArr; USB_OTG_WritePacket
</UL>
<BR>[Calls]<UL><LI><a href="#[290]">&gt;&gt;</a>&nbsp;&nbsp;&nbsp;USBD_CtlError
<LI><a href="#[28b]">&gt;&gt;</a>&nbsp;&nbsp;&nbsp;USBD_CtlSendData
</UL>
<BR>[Called By]<UL><LI><a href="#[281]">&gt;&gt;</a>&nbsp;&nbsp;&nbsp;USBD_StdDevReq
</UL>

<P><STRONG><a name="[295]"></a>USBD_SetConfig</STRONG> (Thumb, 204 bytes, Stack size 16 bytes, usbd_req.o(.text))
<BR><BR>[Stack]<UL><LI>Max Depth = 112<LI>Call Chain = USBD_SetConfig &rArr; USBD_CtlSendStatus &rArr; DCD_EP_Tx &rArr; USB_OTG_EPStartXfer &rArr; USB_OTG_WritePacket
</UL>
<BR>[Calls]<UL><LI><a href="#[290]">&gt;&gt;</a>&nbsp;&nbsp;&nbsp;USBD_CtlError
<LI><a href="#[286]">&gt;&gt;</a>&nbsp;&nbsp;&nbsp;USBD_CtlSendStatus
<LI><a href="#[297]">&gt;&gt;</a>&nbsp;&nbsp;&nbsp;USBD_ClrCfg
<LI><a href="#[296]">&gt;&gt;</a>&nbsp;&nbsp;&nbsp;USBD_SetCfg
</UL>
<BR>[Called By]<UL><LI><a href="#[281]">&gt;&gt;</a>&nbsp;&nbsp;&nbsp;USBD_StdDevReq
</UL>

<P><STRONG><a name="[298]"></a>USBD_SetAddress</STRONG> (Thumb, 92 bytes, Stack size 16 bytes, usbd_req.o(.text))
<BR><BR>[Stack]<UL><LI>Max Depth = 112<LI>Call Chain = USBD_SetAddress &rArr; USBD_CtlSendStatus &rArr; DCD_EP_Tx &rArr; USB_OTG_EPStartXfer &rArr; USB_OTG_WritePacket
</UL>
<BR>[Calls]<UL><LI><a href="#[299]">&gt;&gt;</a>&nbsp;&nbsp;&nbsp;DCD_EP_SetAddress
<LI><a href="#[290]">&gt;&gt;</a>&nbsp;&nbsp;&nbsp;USBD_CtlError
<LI><a href="#[286]">&gt;&gt;</a>&nbsp;&nbsp;&nbsp;USBD_CtlSendStatus
</UL>
<BR>[Called By]<UL><LI><a href="#[281]">&gt;&gt;</a>&nbsp;&nbsp;&nbsp;USBD_StdDevReq
</UL>

<P><STRONG><a name="[29a]"></a>USBD_GetDescriptor</STRONG> (Thumb, 290 bytes, Stack size 24 bytes, usbd_req.o(.text))
<BR><BR>[Stack]<UL><LI>Max Depth = 128<LI>Call Chain = USBD_GetDescriptor &rArr; USBD_CtlSendData &rArr; DCD_EP_Tx &rArr; USB_OTG_EPStartXfer &rArr; USB_OTG_WritePacket
</UL>
<BR>[Calls]<UL><LI><a href="#[290]">&gt;&gt;</a>&nbsp;&nbsp;&nbsp;USBD_CtlError
<LI><a href="#[28b]">&gt;&gt;</a>&nbsp;&nbsp;&nbsp;USBD_CtlSendData
</UL>
<BR>[Called By]<UL><LI><a href="#[281]">&gt;&gt;</a>&nbsp;&nbsp;&nbsp;USBD_StdDevReq
</UL>

<P><STRONG><a name="[29c]"></a>USBD_GetLen</STRONG> (Thumb, 20 bytes, Stack size 0 bytes, usbd_req.o(.text))
<BR><BR>[Called By]<UL><LI><a href="#[1f2]">&gt;&gt;</a>&nbsp;&nbsp;&nbsp;USBD_GetString
</UL>

<P><STRONG><a name="[3c]"></a>usbd_cdc_Init</STRONG> (Thumb, 68 bytes, Stack size 16 bytes, usbd_cdc_core.o(.text))
<BR><BR>[Stack]<UL><LI>Max Depth = 96<LI>Call Chain = usbd_cdc_Init &rArr; DCD_EP_PrepareRx &rArr; USB_OTG_EPStartXfer &rArr; USB_OTG_WritePacket
</UL>
<BR>[Calls]<UL><LI><a href="#[28e]">&gt;&gt;</a>&nbsp;&nbsp;&nbsp;DCD_EP_PrepareRx
<LI><a href="#[28a]">&gt;&gt;</a>&nbsp;&nbsp;&nbsp;DCD_EP_Open
</UL>
<BR>[Address Reference Count : 1]<UL><LI> usbd_cdc_core.o(.data)
</UL>
<P><STRONG><a name="[3d]"></a>usbd_cdc_DeInit</STRONG> (Thumb, 40 bytes, Stack size 16 bytes, usbd_cdc_core.o(.text))
<BR><BR>[Stack]<UL><LI>Max Depth = 52<LI>Call Chain = usbd_cdc_DeInit &rArr; DCD_EP_Close &rArr; USB_OTG_EPDeactivate
</UL>
<BR>[Calls]<UL><LI><a href="#[29d]">&gt;&gt;</a>&nbsp;&nbsp;&nbsp;DCD_EP_Close
</UL>
<BR>[Address Reference Count : 1]<UL><LI> usbd_cdc_core.o(.data)
</UL>
<P><STRONG><a name="[3e]"></a>usbd_cdc_Setup</STRONG> (Thumb, 218 bytes, Stack size 24 bytes, usbd_cdc_core.o(.text))
<BR><BR>[Stack]<UL><LI>Max Depth = 128<LI>Call Chain = usbd_cdc_Setup &rArr; USBD_CtlPrepareRx &rArr; DCD_EP_PrepareRx &rArr; USB_OTG_EPStartXfer &rArr; USB_OTG_WritePacket
</UL>
<BR>[Calls]<UL><LI><a href="#[290]">&gt;&gt;</a>&nbsp;&nbsp;&nbsp;USBD_CtlError
<LI><a href="#[28d]">&gt;&gt;</a>&nbsp;&nbsp;&nbsp;USBD_CtlPrepareRx
<LI><a href="#[28b]">&gt;&gt;</a>&nbsp;&nbsp;&nbsp;USBD_CtlSendData
</UL>
<BR>[Address Reference Count : 1]<UL><LI> usbd_cdc_core.o(.data)
</UL>
<P><STRONG><a name="[3f]"></a>usbd_cdc_EP0_RxReady</STRONG> (Thumb, 38 bytes, Stack size 8 bytes, usbd_cdc_core.o(.text))
<BR><BR>[Stack]<UL><LI>Max Depth = 8<LI>Call Chain = usbd_cdc_EP0_RxReady
</UL>
<BR>[Address Reference Count : 1]<UL><LI> usbd_cdc_core.o(.data)
</UL>
<P><STRONG><a name="[40]"></a>usbd_cdc_DataIn</STRONG> (Thumb, 120 bytes, Stack size 24 bytes, usbd_cdc_core.o(.text))
<BR><BR>[Stack]<UL><LI>Max Depth = 104<LI>Call Chain = usbd_cdc_DataIn &rArr; DCD_EP_Tx &rArr; USB_OTG_EPStartXfer &rArr; USB_OTG_WritePacket
</UL>
<BR>[Calls]<UL><LI><a href="#[28c]">&gt;&gt;</a>&nbsp;&nbsp;&nbsp;DCD_EP_Tx
</UL>
<BR>[Address Reference Count : 1]<UL><LI> usbd_cdc_core.o(.data)
</UL>
<P><STRONG><a name="[41]"></a>usbd_cdc_DataOut</STRONG> (Thumb, 48 bytes, Stack size 16 bytes, usbd_cdc_core.o(.text))
<BR><BR>[Stack]<UL><LI>Max Depth = 96<LI>Call Chain = usbd_cdc_DataOut &rArr; DCD_EP_PrepareRx &rArr; USB_OTG_EPStartXfer &rArr; USB_OTG_WritePacket
</UL>
<BR>[Calls]<UL><LI><a href="#[28e]">&gt;&gt;</a>&nbsp;&nbsp;&nbsp;DCD_EP_PrepareRx
</UL>
<BR>[Address Reference Count : 1]<UL><LI> usbd_cdc_core.o(.data)
</UL>
<P><STRONG><a name="[29e]"></a>Handle_USBAsynchXfer</STRONG> (Thumb, 182 bytes, Stack size 16 bytes, usbd_cdc_core.o(.text))
<BR><BR>[Stack]<UL><LI>Max Depth = 96<LI>Call Chain = Handle_USBAsynchXfer &rArr; DCD_EP_Tx &rArr; USB_OTG_EPStartXfer &rArr; USB_OTG_WritePacket
</UL>
<BR>[Calls]<UL><LI><a href="#[28c]">&gt;&gt;</a>&nbsp;&nbsp;&nbsp;DCD_EP_Tx
</UL>
<BR>[Called By]<UL><LI><a href="#[42]">&gt;&gt;</a>&nbsp;&nbsp;&nbsp;usbd_cdc_SOF
</UL>

<P><STRONG><a name="[42]"></a>usbd_cdc_SOF</STRONG> (Thumb, 36 bytes, Stack size 8 bytes, usbd_cdc_core.o(.text))
<BR><BR>[Stack]<UL><LI>Max Depth = 104<LI>Call Chain = usbd_cdc_SOF &rArr; Handle_USBAsynchXfer &rArr; DCD_EP_Tx &rArr; USB_OTG_EPStartXfer &rArr; USB_OTG_WritePacket
</UL>
<BR>[Calls]<UL><LI><a href="#[29e]">&gt;&gt;</a>&nbsp;&nbsp;&nbsp;Handle_USBAsynchXfer
</UL>
<BR>[Address Reference Count : 1]<UL><LI> usbd_cdc_core.o(.data)
</UL>
<P><STRONG><a name="[43]"></a>USBD_cdc_GetCfgDesc</STRONG> (Thumb, 12 bytes, Stack size 0 bytes, usbd_cdc_core.o(.text))
<BR>[Address Reference Count : 1]<UL><LI> usbd_cdc_core.o(.data)
</UL>
<P><STRONG><a name="[2b8]"></a>DCD_IsoOUTIncomplete_ISR</STRONG> (Thumb, 40 bytes, Stack size 16 bytes, usb_dcd_int.o(.text))
<BR><BR>[Stack]<UL><LI>Max Depth = 16<LI>Call Chain = DCD_IsoOUTIncomplete_ISR
</UL>
<BR>[Called By]<UL><LI><a href="#[11c]">&gt;&gt;</a>&nbsp;&nbsp;&nbsp;USBD_OTG_ISR_Handler
</UL>

<P><STRONG><a name="[2b7]"></a>DCD_IsoINIncomplete_ISR</STRONG> (Thumb, 40 bytes, Stack size 16 bytes, usb_dcd_int.o(.text))
<BR><BR>[Stack]<UL><LI>Max Depth = 16<LI>Call Chain = DCD_IsoINIncomplete_ISR
</UL>
<BR>[Called By]<UL><LI><a href="#[11c]">&gt;&gt;</a>&nbsp;&nbsp;&nbsp;USBD_OTG_ISR_Handler
</UL>

<P><STRONG><a name="[2a8]"></a>DCD_HandleEnumDone_ISR</STRONG> (Thumb, 102 bytes, Stack size 16 bytes, usb_dcd_int.o(.text))
<BR><BR>[Stack]<UL><LI>Max Depth = 32<LI>Call Chain = DCD_HandleEnumDone_ISR &rArr; USB_OTG_EP0Activate
</UL>
<BR>[Calls]<UL><LI><a href="#[2a9]">&gt;&gt;</a>&nbsp;&nbsp;&nbsp;USB_OTG_EP0Activate
<LI><a href="#[2aa]">&gt;&gt;</a>&nbsp;&nbsp;&nbsp;USB_OTG_GetDeviceSpeed
</UL>
<BR>[Called By]<UL><LI><a href="#[11c]">&gt;&gt;</a>&nbsp;&nbsp;&nbsp;USBD_OTG_ISR_Handler
</UL>

<P><STRONG><a name="[2ab]"></a>DCD_HandleUsbReset_ISR</STRONG> (Thumb, 254 bytes, Stack size 40 bytes, usb_dcd_int.o(.text))
<BR><BR>[Stack]<UL><LI>Max Depth = 112<LI>Call Chain = DCD_HandleUsbReset_ISR &rArr; USB_OTG_FlushTxFifo &rArr; USB_OTG_BSP_uDelay &rArr; BSP_Delay &rArr; BSP_SetTime
</UL>
<BR>[Calls]<UL><LI><a href="#[28f]">&gt;&gt;</a>&nbsp;&nbsp;&nbsp;USB_OTG_EP0_OutStart
<LI><a href="#[253]">&gt;&gt;</a>&nbsp;&nbsp;&nbsp;USB_OTG_FlushTxFifo
</UL>
<BR>[Called By]<UL><LI><a href="#[11c]">&gt;&gt;</a>&nbsp;&nbsp;&nbsp;USBD_OTG_ISR_Handler
</UL>

<P><STRONG><a name="[2ac]"></a>DCD_HandleRxStatusQueueLevel_ISR</STRONG> (Thumb, 176 bytes, Stack size 24 bytes, usb_dcd_int.o(.text))
<BR><BR>[Stack]<UL><LI>Max Depth = 44<LI>Call Chain = DCD_HandleRxStatusQueueLevel_ISR &rArr; USB_OTG_ReadPacket
</UL>
<BR>[Calls]<UL><LI><a href="#[279]">&gt;&gt;</a>&nbsp;&nbsp;&nbsp;USB_OTG_ReadPacket
</UL>
<BR>[Called By]<UL><LI><a href="#[11c]">&gt;&gt;</a>&nbsp;&nbsp;&nbsp;USBD_OTG_ISR_Handler
</UL>

<P><STRONG><a name="[2b6]"></a>DCD_HandleSof_ISR</STRONG> (Thumb, 38 bytes, Stack size 16 bytes, usb_dcd_int.o(.text))
<BR><BR>[Stack]<UL><LI>Max Depth = 16<LI>Call Chain = DCD_HandleSof_ISR
</UL>
<BR>[Called By]<UL><LI><a href="#[11c]">&gt;&gt;</a>&nbsp;&nbsp;&nbsp;USBD_OTG_ISR_Handler
</UL>

<P><STRONG><a name="[2b5]"></a>DCD_HandleUSBSuspend_ISR</STRONG> (Thumb, 158 bytes, Stack size 24 bytes, usb_dcd_int.o(.text))
<BR><BR>[Stack]<UL><LI>Max Depth = 24<LI>Call Chain = DCD_HandleUSBSuspend_ISR
</UL>
<BR>[Called By]<UL><LI><a href="#[11c]">&gt;&gt;</a>&nbsp;&nbsp;&nbsp;USBD_OTG_ISR_Handler
</UL>

<P><STRONG><a name="[2b4]"></a>DCD_HandleResume_ISR</STRONG> (Thumb, 100 bytes, Stack size 24 bytes, usb_dcd_int.o(.text))
<BR><BR>[Stack]<UL><LI>Max Depth = 24<LI>Call Chain = DCD_HandleResume_ISR
</UL>
<BR>[Called By]<UL><LI><a href="#[11c]">&gt;&gt;</a>&nbsp;&nbsp;&nbsp;USBD_OTG_ISR_Handler
</UL>

<P><STRONG><a name="[2ad]"></a>DCD_WriteEmptyTxFifo</STRONG> (Thumb, 154 bytes, Stack size 32 bytes, usb_dcd_int.o(.text))
<BR><BR>[Stack]<UL><LI>Max Depth = 56<LI>Call Chain = DCD_WriteEmptyTxFifo &rArr; USB_OTG_WritePacket
</UL>
<BR>[Calls]<UL><LI><a href="#[261]">&gt;&gt;</a>&nbsp;&nbsp;&nbsp;USB_OTG_WritePacket
</UL>
<BR>[Called By]<UL><LI><a href="#[2ae]">&gt;&gt;</a>&nbsp;&nbsp;&nbsp;DCD_HandleInEP_ISR
</UL>

<P><STRONG><a name="[2b0]"></a>DCD_ReadDevInEP</STRONG> (Thumb, 40 bytes, Stack size 12 bytes, usb_dcd_int.o(.text))
<BR><BR>[Stack]<UL><LI>Max Depth = 12<LI>Call Chain = DCD_ReadDevInEP
</UL>
<BR>[Called By]<UL><LI><a href="#[2ae]">&gt;&gt;</a>&nbsp;&nbsp;&nbsp;DCD_HandleInEP_ISR
</UL>

<P><STRONG><a name="[2ae]"></a>DCD_HandleInEP_ISR</STRONG> (Thumb, 320 bytes, Stack size 24 bytes, usb_dcd_int.o(.text))
<BR><BR>[Stack]<UL><LI>Max Depth = 80<LI>Call Chain = DCD_HandleInEP_ISR &rArr; DCD_WriteEmptyTxFifo &rArr; USB_OTG_WritePacket
</UL>
<BR>[Calls]<UL><LI><a href="#[2b0]">&gt;&gt;</a>&nbsp;&nbsp;&nbsp;DCD_ReadDevInEP
<LI><a href="#[2ad]">&gt;&gt;</a>&nbsp;&nbsp;&nbsp;DCD_WriteEmptyTxFifo
<LI><a href="#[28f]">&gt;&gt;</a>&nbsp;&nbsp;&nbsp;USB_OTG_EP0_OutStart
<LI><a href="#[2af]">&gt;&gt;</a>&nbsp;&nbsp;&nbsp;USB_OTG_ReadDevAllInEPItr
</UL>
<BR>[Called By]<UL><LI><a href="#[11c]">&gt;&gt;</a>&nbsp;&nbsp;&nbsp;USBD_OTG_ISR_Handler
</UL>

<P><STRONG><a name="[2b1]"></a>DCD_HandleOutEP_ISR</STRONG> (Thumb, 252 bytes, Stack size 24 bytes, usb_dcd_int.o(.text))
<BR><BR>[Stack]<UL><LI>Max Depth = 40<LI>Call Chain = DCD_HandleOutEP_ISR &rArr; USB_OTG_EP0_OutStart
</UL>
<BR>[Calls]<UL><LI><a href="#[28f]">&gt;&gt;</a>&nbsp;&nbsp;&nbsp;USB_OTG_EP0_OutStart
<LI><a href="#[2b3]">&gt;&gt;</a>&nbsp;&nbsp;&nbsp;USB_OTG_ReadDevOutEP_itr
<LI><a href="#[2b2]">&gt;&gt;</a>&nbsp;&nbsp;&nbsp;USB_OTG_ReadDevAllOutEp_itr
</UL>
<BR>[Called By]<UL><LI><a href="#[11c]">&gt;&gt;</a>&nbsp;&nbsp;&nbsp;USBD_OTG_ISR_Handler
</UL>

<P><STRONG><a name="[2ef]"></a>_dadd1</STRONG> (Thumb, 0 bytes, Stack size unknown bytes, daddsub_clz.o(x$fpl$dadd), UNUSED)
<BR><BR>[Called By]<UL><LI><a href="#[2f0]">&gt;&gt;</a>&nbsp;&nbsp;&nbsp;_dsub
<LI><a href="#[2ee]">&gt;&gt;</a>&nbsp;&nbsp;&nbsp;_drsb
</UL>

<P><STRONG><a name="[2e4]"></a>_dsub1</STRONG> (Thumb, 0 bytes, Stack size unknown bytes, daddsub_clz.o(x$fpl$dsub), UNUSED)
<BR><BR>[Called By]<UL><LI><a href="#[2ee]">&gt;&gt;</a>&nbsp;&nbsp;&nbsp;_drsb
<LI><a href="#[2e3]">&gt;&gt;</a>&nbsp;&nbsp;&nbsp;_dadd
</UL>

<P><STRONG><a name="[a8]"></a>_printf_input_char</STRONG> (Thumb, 10 bytes, Stack size 0 bytes, _printf_char_common.o(.text))
<BR>[Address Reference Count : 1]<UL><LI> _printf_char_common.o(.text)
</UL>
<P><STRONG><a name="[a9]"></a>_scanf_char_input</STRONG> (Thumb, 12 bytes, Stack size 0 bytes, scanf_char.o(.text))
<BR>[Address Reference Count : 1]<UL><LI> scanf_char.o(.text)
</UL><P>
<H3>
Undefined Global Symbols
</H3><HR></body></html>
